<?xml version="1.0" encoding="utf-8"?><testsuites name="pytest tests"><testsuite name="pytest" errors="0" failures="2" skipped="0" tests="478" time="177.221" timestamp="2025-11-05T15:27:25.781816+01:00" hostname="Jason"><testcase classname="conflowgen.tests.analyses.test_abstract_analysis.TestHelpers" name="test_get_hour_based_range_for_same_hour" file="conflowgen\tests\analyses\test_abstract_analysis.py" line="55" time="0.020" /><testcase classname="conflowgen.tests.analyses.test_abstract_analysis.TestHelpers" name="test_get_hour_based_range_normal" file="conflowgen\tests\analyses\test_abstract_analysis.py" line="7" time="0.003" /><testcase classname="conflowgen.tests.analyses.test_container_dwell_time_analysis.TestContainerDwellTimeAnalysis" name="test_with_no_data" file="conflowgen\tests\analyses\test_container_dwell_time_analysis.py" line="42" time="0.174" /><testcase classname="conflowgen.tests.analyses.test_container_dwell_time_analysis.TestContainerDwellTimeAnalysis" name="test_with_single_container" file="conflowgen\tests\analyses\test_container_dwell_time_analysis.py" line="47" time="0.193" /><testcase classname="conflowgen.tests.analyses.test_container_dwell_time_analysis.TestContainerDwellTimeAnalysis" name="test_with_two_containers" file="conflowgen\tests\analyses\test_container_dwell_time_analysis.py" line="92" time="0.197" /><testcase classname="conflowgen.tests.analyses.test_container_dwell_time_analysis.TestContainerDwellTimeAnalysis" name="test_with_two_containers_and_end_time" file="conflowgen\tests\analyses\test_container_dwell_time_analysis.py" line="160" time="0.215" /><testcase classname="conflowgen.tests.analyses.test_container_dwell_time_analysis.TestContainerDwellTimeAnalysis" name="test_with_two_containers_and_start_and_end_time" file="conflowgen\tests\analyses\test_container_dwell_time_analysis.py" line="229" time="0.243" /><testcase classname="conflowgen.tests.analyses.test_container_dwell_time_analysis_report.TestContainerDwellTimeAnalysisReport" name="test_graph_no_data" file="conflowgen\tests\analyses\test_container_dwell_time_analysis_report.py" line="180" time="0.935" /><testcase classname="conflowgen.tests.analyses.test_container_dwell_time_analysis_report.TestContainerDwellTimeAnalysisReport" name="test_graph_with_single_feeder" file="conflowgen\tests\analyses\test_container_dwell_time_analysis_report.py" line="184" time="0.632" /><testcase classname="conflowgen.tests.analyses.test_container_dwell_time_analysis_report.TestContainerDwellTimeAnalysisReport" name="test_inbound_with_single_feeder" file="conflowgen\tests\analyses\test_container_dwell_time_analysis_report.py" line="144" time="0.190" /><testcase classname="conflowgen.tests.analyses.test_container_dwell_time_analysis_report.TestContainerDwellTimeAnalysisReport" name="test_inbound_with_single_feeder_but_filter" file="conflowgen\tests\analyses\test_container_dwell_time_analysis_report.py" line="161" time="0.168" /><testcase classname="conflowgen.tests.analyses.test_container_dwell_time_analysis_report.TestContainerDwellTimeAnalysisReport" name="test_with_no_data" file="conflowgen\tests\analyses\test_container_dwell_time_analysis_report.py" line="106" time="0.146" /><testcase classname="conflowgen.tests.analyses.test_container_dwell_time_analysis_report.TestContainerDwellTimeAnalysisReport" name="test_with_no_data_and_parameters" file="conflowgen\tests\analyses\test_container_dwell_time_analysis_report.py" line="123" time="0.161" /><testcase classname="conflowgen.tests.analyses.test_container_flow_adjustment_by_vehicle_type_analysis.TestContainerFlowAdjustmentByVehicleTypeAnalysis" name="test_with_no_data" file="conflowgen\tests\analyses\test_container_flow_adjustment_by_vehicle_type_analysis.py" line="31" time="0.064" /><testcase classname="conflowgen.tests.analyses.test_container_flow_adjustment_by_vehicle_type_analysis.TestContainerFlowAdjustmentByVehicleTypeAnalysis" name="test_with_single_truck" file="conflowgen\tests\analyses\test_container_flow_adjustment_by_vehicle_type_analysis.py" line="52" time="0.069" /><testcase classname="conflowgen.tests.analyses.test_container_flow_adjustment_by_vehicle_type_analysis.TestContainerFlowAdjustmentByVehicleTypeAnalysis" name="test_with_truck_and_feeder" file="conflowgen\tests\analyses\test_container_flow_adjustment_by_vehicle_type_analysis.py" line="91" time="0.063" /><testcase classname="conflowgen.tests.analyses.test_container_flow_adjustment_by_vehicle_type_analysis_report.TestContainerFlowAdjustmentByVehicleTypeAnalysisReport" name="test_graph" file="conflowgen\tests\analyses\test_container_flow_adjustment_by_vehicle_type_analysis_report.py" line="127" time="0.674" /><testcase classname="conflowgen.tests.analyses.test_container_flow_adjustment_by_vehicle_type_analysis_report.TestContainerFlowAdjustmentByVehicleTypeAnalysisReport" name="test_graph_with_two_containers" file="conflowgen\tests\analyses\test_container_flow_adjustment_by_vehicle_type_analysis_report.py" line="131" time="0.098" /><testcase classname="conflowgen.tests.analyses.test_container_flow_adjustment_by_vehicle_type_analysis_report.TestContainerFlowAdjustmentByVehicleTypeAnalysisReport" name="test_with_no_data" file="conflowgen\tests\analyses\test_container_flow_adjustment_by_vehicle_type_analysis_report.py" line="59" time="0.076" /><testcase classname="conflowgen.tests.analyses.test_container_flow_adjustment_by_vehicle_type_analysis_report.TestContainerFlowAdjustmentByVehicleTypeAnalysisReport" name="test_with_two_containers" file="conflowgen\tests\analyses\test_container_flow_adjustment_by_vehicle_type_analysis_report.py" line="93" time="0.071" /><testcase classname="conflowgen.tests.analyses.test_container_flow_adjustment_by_vehicle_type_analysis_summary.TestContainerFlowAdjustmentByVehicleTypeAnalysisSummary" name="test_with_no_data" file="conflowgen\tests\analyses\test_container_flow_adjustment_by_vehicle_type_analysis_summary.py" line="31" time="0.069" /><testcase classname="conflowgen.tests.analyses.test_container_flow_adjustment_by_vehicle_type_analysis_summary.TestContainerFlowAdjustmentByVehicleTypeAnalysisSummary" name="test_with_single_changed_vehicle" file="conflowgen\tests\analyses\test_container_flow_adjustment_by_vehicle_type_analysis_summary.py" line="51" time="0.066" /><testcase classname="conflowgen.tests.analyses.test_container_flow_adjustment_by_vehicle_type_analysis_summary.TestContainerFlowAdjustmentByVehicleTypeAnalysisSummary" name="test_with_single_unchanged_vehicle" file="conflowgen\tests\analyses\test_container_flow_adjustment_by_vehicle_type_analysis_summary.py" line="36" time="0.054" /><testcase classname="conflowgen.tests.analyses.test_container_flow_adjustment_by_vehicle_type_analysis_summary_report.TestContainerFlowAdjustmentByVehicleTypeAnalysisReport" name="test_graph_two_containers" file="conflowgen\tests\analyses\test_container_flow_adjustment_by_vehicle_type_analysis_summary_report.py" line="93" time="0.125"><failure message="_tkinter.TclError: Can't find a usable tk.tcl in the following directories: &#10;    C:/Users/jc257/AppData/Local/Programs/Python/Python313/tcl/tcl8.6/tk8.6 C:/Users/jc257/AppData/Local/Programs/Python/Python313/tcl/tk8.6 C:/Users/jc257/AppData/Local/Programs/Python/lib/tk8.6 C:/Users/jc257/AppData/Local/Programs/Python/lib/tk8.6 C:/Users/jc257/AppData/Local/Programs/lib/tk8.6 C:/Users/jc257/AppData/Local/Programs/Python/library&#10;&#10;C:/Users/jc257/AppData/Local/Programs/Python/Python313/tcl/tk8.6/tk.tcl: couldn't read file &quot;C:/Users/jc257/AppData/Local/Programs/Python/Python313/tcl/tk8.6/tk.tcl&quot;: no such file or directory&#10;couldn't read file &quot;C:/Users/jc257/AppData/Local/Programs/Python/Python313/tcl/tk8.6/tk.tcl&quot;: no such file or directory&#10;    while executing&#10;&quot;source -encoding utf-8 C:/Users/jc257/AppData/Local/Programs/Python/Python313/tcl/tk8.6/tk.tcl&quot;&#10;    (&quot;uplevel&quot; body line 1)&#10;    invoked from within&#10;&quot;uplevel #0 [list source -encoding utf-8 $file]&quot;&#10;&#10;&#10;This probably means that tk wasn't installed properly.">self = &lt;conflowgen.tests.analyses.test_container_flow_adjustment_by_vehicle_type_analysis_summary_report.TestContainerFlowAdjustmentByVehicleTypeAnalysisReport testMethod=test_graph_two_containers&gt;

    def test_graph_two_containers(self):
        setup_feeder_data()
&gt;       graph = self.report.get_report_as_graph()
                ^^^^^^^^^^^^^^^^^^^^^^^^^^^^^^^^^

conflowgen\tests\analyses\test_container_flow_adjustment_by_vehicle_type_analysis_summary_report.py:96: 
_ _ _ _ _ _ _ _ _ _ _ _ _ _ _ _ _ _ _ _ _ _ _ _ _ _ _ _ _ _ _ _ _ _ _ _ _ _ _ _ _ _ _ _ _ _ _ _ _ _ _ _ _ _ _ _ _ _ _ _ _ _ _ _ _ _ _ _ _ _ _ _ _ _ _ _ _ _ _ _ _ _ _ _ _ _ _ _ _ _ _ _ _ _ _ _ _ _ _ _ _ _ _ _ _ _ _ _ _ _ _ _ _ _ _ 
conflowgen\analyses\container_flow_adjustment_by_vehicle_type_analysis_summary_report.py:103: in get_report_as_graph
    ax = data_series.plot.pie(
.venv\Lib\site-packages\pandas\plotting\_core.py:1658: in pie
    return self(kind="pie", **kwargs)
           ^^^^^^^^^^^^^^^^^^^^^^^^^^
.venv\Lib\site-packages\pandas\plotting\_core.py:1030: in __call__
    return plot_backend.plot(data, kind=kind, **kwargs)
           ^^^^^^^^^^^^^^^^^^^^^^^^^^^^^^^^^^^^^^^^^^^^
.venv\Lib\site-packages\pandas\plotting\_matplotlib\__init__.py:71: in plot
    plot_obj.generate()
.venv\Lib\site-packages\pandas\plotting\_matplotlib\core.py:500: in generate
    fig = self.fig
          ^^^^^^^^
pandas/_libs/properties.pyx:36: in pandas._libs.properties.CachedProperty.__get__
    ???
.venv\Lib\site-packages\pandas\plotting\_matplotlib\core.py:555: in fig
    return self._axes_and_fig[1]
           ^^^^^^^^^^^^^^^^^^
pandas/_libs/properties.pyx:36: in pandas._libs.properties.CachedProperty.__get__
    ???
.venv\Lib\site-packages\pandas\plotting\_matplotlib\core.py:580: in _axes_and_fig
    fig = self.plt.figure(figsize=self.figsize)
          ^^^^^^^^^^^^^^^^^^^^^^^^^^^^^^^^^^^^^
.venv\Lib\site-packages\matplotlib\pyplot.py:1042: in figure
    manager = new_figure_manager(
.venv\Lib\site-packages\matplotlib\pyplot.py:552: in new_figure_manager
    return _get_backend_mod().new_figure_manager(*args, **kwargs)
           ^^^^^^^^^^^^^^^^^^^^^^^^^^^^^^^^^^^^^^^^^^^^^^^^^^^^^^
.venv\Lib\site-packages\matplotlib\backend_bases.py:3504: in new_figure_manager
    return cls.new_figure_manager_given_figure(num, fig)
           ^^^^^^^^^^^^^^^^^^^^^^^^^^^^^^^^^^^^^^^^^^^^^
.venv\Lib\site-packages\matplotlib\backend_bases.py:3509: in new_figure_manager_given_figure
    return cls.FigureCanvas.new_manager(figure, num)
           ^^^^^^^^^^^^^^^^^^^^^^^^^^^^^^^^^^^^^^^^^
.venv\Lib\site-packages\matplotlib\backend_bases.py:1785: in new_manager
    return cls.manager_class.create_with_canvas(cls, figure, num)
           ^^^^^^^^^^^^^^^^^^^^^^^^^^^^^^^^^^^^^^^^^^^^^^^^^^^^^^
.venv\Lib\site-packages\matplotlib\backends\_backend_tk.py:535: in create_with_canvas
    window = tk.Tk(className="matplotlib")
             ^^^^^^^^^^^^^^^^^^^^^^^^^^^^^
_ _ _ _ _ _ _ _ _ _ _ _ _ _ _ _ _ _ _ _ _ _ _ _ _ _ _ _ _ _ _ _ _ _ _ _ _ _ _ _ _ _ _ _ _ _ _ _ _ _ _ _ _ _ _ _ _ _ _ _ _ _ _ _ _ _ _ _ _ _ _ _ _ _ _ _ _ _ _ _ _ _ _ _ _ _ _ _ _ _ _ _ _ _ _ _ _ _ _ _ _ _ _ _ _ _ _ _ _ _ _ _ _ _ _ 

self = &lt;tkinter.Tk object .&gt;, screenName = None, baseName = 'pytest', className = 'matplotlib', useTk = True, sync = False, use = None

    def __init__(self, screenName=None, baseName=None, className='Tk',
                 useTk=True, sync=False, use=None):
        """Return a new top level widget on screen SCREENNAME. A new Tcl interpreter will
        be created. BASENAME will be used for the identification of the profile file (see
        readprofile).
        It is constructed from sys.argv[0] without extensions if None is given. CLASSNAME
        is the name of the widget class."""
        self.master = None
        self.children = {}
        self._tkloaded = False
        # to avoid recursions in the getattr code in case of failure, we
        # ensure that self.tk is always _something_.
        self.tk = None
        if baseName is None:
            import os
            baseName = os.path.basename(sys.argv[0])
            baseName, ext = os.path.splitext(baseName)
            if ext not in ('.py', '.pyc'):
                baseName = baseName + ext
        interactive = False
&gt;       self.tk = _tkinter.create(screenName, baseName, className, interactive, wantobjects, useTk, sync, use)
                  ^^^^^^^^^^^^^^^^^^^^^^^^^^^^^^^^^^^^^^^^^^^^^^^^^^^^^^^^^^^^^^^^^^^^^^^^^^^^^^^^^^^^^^^^^^^^
E       _tkinter.TclError: Can't find a usable tk.tcl in the following directories: 
E           C:/Users/jc257/AppData/Local/Programs/Python/Python313/tcl/tcl8.6/tk8.6 C:/Users/jc257/AppData/Local/Programs/Python/Python313/tcl/tk8.6 C:/Users/jc257/AppData/Local/Programs/Python/lib/tk8.6 C:/Users/jc257/AppData/Local/Programs/Python/lib/tk8.6 C:/Users/jc257/AppData/Local/Programs/lib/tk8.6 C:/Users/jc257/AppData/Local/Programs/Python/library
E       
E       C:/Users/jc257/AppData/Local/Programs/Python/Python313/tcl/tk8.6/tk.tcl: couldn't read file "C:/Users/jc257/AppData/Local/Programs/Python/Python313/tcl/tk8.6/tk.tcl": no such file or directory
E       couldn't read file "C:/Users/jc257/AppData/Local/Programs/Python/Python313/tcl/tk8.6/tk.tcl": no such file or directory
E           while executing
E       "source -encoding utf-8 C:/Users/jc257/AppData/Local/Programs/Python/Python313/tcl/tk8.6/tk.tcl"
E           ("uplevel" body line 1)
E           invoked from within
E       "uplevel #0 [list source -encoding utf-8 $file]"
E       
E       
E       This probably means that tk wasn't installed properly.

..\..\..\AppData\Local\Programs\Python\Python313\Lib\tkinter\__init__.py:2465: TclError</failure></testcase><testcase classname="conflowgen.tests.analyses.test_container_flow_adjustment_by_vehicle_type_analysis_summary_report.TestContainerFlowAdjustmentByVehicleTypeAnalysisReport" name="test_graph_with_no_data" file="conflowgen\tests\analyses\test_container_flow_adjustment_by_vehicle_type_analysis_summary_report.py" line="89" time="0.336" /><testcase classname="conflowgen.tests.analyses.test_container_flow_adjustment_by_vehicle_type_analysis_summary_report.TestContainerFlowAdjustmentByVehicleTypeAnalysisReport" name="test_with_no_data" file="conflowgen\tests\analyses\test_container_flow_adjustment_by_vehicle_type_analysis_summary_report.py" line="59" time="0.063" /><testcase classname="conflowgen.tests.analyses.test_container_flow_adjustment_by_vehicle_type_analysis_summary_report.TestContainerFlowAdjustmentByVehicleTypeAnalysisReport" name="test_with_two_containers" file="conflowgen\tests\analyses\test_container_flow_adjustment_by_vehicle_type_analysis_summary_report.py" line="74" time="0.062" /><testcase classname="conflowgen.tests.analyses.test_container_flow_by_vehicle_type_analysis.TestContainerFlowByVehicleTypeAnalysis" name="test_with_no_data" file="conflowgen\tests\analyses\test_container_flow_by_vehicle_type_analysis.py" line="35" time="0.070" /><testcase classname="conflowgen.tests.analyses.test_container_flow_by_vehicle_type_analysis.TestContainerFlowByVehicleTypeAnalysis" name="test_with_single_feeder" file="conflowgen\tests\analyses\test_container_flow_by_vehicle_type_analysis.py" line="55" time="0.068" /><testcase classname="conflowgen.tests.analyses.test_container_flow_by_vehicle_type_analysis.TestContainerFlowByVehicleTypeAnalysis" name="test_with_single_feeder_with_time_window" file="conflowgen\tests\analyses\test_container_flow_by_vehicle_type_analysis.py" line="99" time="0.076" /><testcase classname="conflowgen.tests.analyses.test_container_flow_by_vehicle_type_analysis_report.TestContainerFlowByVehicleTypeAnalysisReport" name="test_graph_with_single_feeder" file="conflowgen\tests\analyses\test_container_flow_by_vehicle_type_analysis_report.py" line="176" time="0.114" /><testcase classname="conflowgen.tests.analyses.test_container_flow_by_vehicle_type_analysis_report.TestContainerFlowByVehicleTypeAnalysisReport" name="test_graph_with_single_feeder_and_unit_is_both" file="conflowgen\tests\analyses\test_container_flow_by_vehicle_type_analysis_report.py" line="191" time="0.102" /><testcase classname="conflowgen.tests.analyses.test_container_flow_by_vehicle_type_analysis_report.TestContainerFlowByVehicleTypeAnalysisReport" name="test_graph_with_single_feeder_and_unit_is_boxes" file="conflowgen\tests\analyses\test_container_flow_by_vehicle_type_analysis_report.py" line="186" time="0.092" /><testcase classname="conflowgen.tests.analyses.test_container_flow_by_vehicle_type_analysis_report.TestContainerFlowByVehicleTypeAnalysisReport" name="test_graph_with_single_feeder_and_unit_is_teu" file="conflowgen\tests\analyses\test_container_flow_by_vehicle_type_analysis_report.py" line="181" time="0.082" /><testcase classname="conflowgen.tests.analyses.test_container_flow_by_vehicle_type_analysis_report.TestContainerFlowByVehicleTypeAnalysisReport" name="test_inbound_with_single_feeder" file="conflowgen\tests\analyses\test_container_flow_by_vehicle_type_analysis_report.py" line="138" time="0.110" /><testcase classname="conflowgen.tests.analyses.test_container_flow_by_vehicle_type_analysis_report.TestContainerFlowByVehicleTypeAnalysisReport" name="test_with_empty_graph" file="conflowgen\tests\analyses\test_container_flow_by_vehicle_type_analysis_report.py" line="172" time="0.105" /><testcase classname="conflowgen.tests.analyses.test_container_flow_by_vehicle_type_analysis_report.TestContainerFlowByVehicleTypeAnalysisReport" name="test_with_no_data" file="conflowgen\tests\analyses\test_container_flow_by_vehicle_type_analysis_report.py" line="70" time="0.073" /><testcase classname="conflowgen.tests.analyses.test_container_flow_by_vehicle_type_analysis_report.TestContainerFlowByVehicleTypeAnalysisReport" name="test_with_no_data_in_boxes" file="conflowgen\tests\analyses\test_container_flow_by_vehicle_type_analysis_report.py" line="104" time="0.079" /><testcase classname="conflowgen.tests.analyses.test_container_flow_vehicle_type_adjustment_per_vehicle_analysis.TestContainerFlowVehicleTypeAdjustmentPerVehicleAnalysis" name="test_with_feeder_and_truck_and_no_adjustment" file="conflowgen\tests\analyses\test_container_flow_vehicle_type_adjustment_per_vehicle_analysis.py" line="42" time="0.086" /><testcase classname="conflowgen.tests.analyses.test_container_flow_vehicle_type_adjustment_per_vehicle_analysis.TestContainerFlowVehicleTypeAdjustmentPerVehicleAnalysis" name="test_with_feeder_and_truck_and_one_adjusted_box" file="conflowgen\tests\analyses\test_container_flow_vehicle_type_adjustment_per_vehicle_analysis.py" line="100" time="0.067" /><testcase classname="conflowgen.tests.analyses.test_container_flow_vehicle_type_adjustment_per_vehicle_analysis.TestContainerFlowVehicleTypeAdjustmentPerVehicleAnalysis" name="test_with_feeder_and_truck_and_some_adjustments" file="conflowgen\tests\analyses\test_container_flow_vehicle_type_adjustment_per_vehicle_analysis.py" line="144" time="0.074" /><testcase classname="conflowgen.tests.analyses.test_container_flow_vehicle_type_adjustment_per_vehicle_analysis.TestContainerFlowVehicleTypeAdjustmentPerVehicleAnalysis" name="test_with_no_data" file="conflowgen\tests\analyses\test_container_flow_vehicle_type_adjustment_per_vehicle_analysis.py" line="37" time="0.059" /><testcase classname="conflowgen.tests.analyses.test_container_flow_vehicle_type_adjustment_per_vehicle_analysis.TestContainerFlowVehicleTypeAdjustmentPerVehicleAnalysis" name="test_with_truck_and_feeder_and_no_adjustment" file="conflowgen\tests\analyses\test_container_flow_vehicle_type_adjustment_per_vehicle_analysis.py" line="198" time="0.069" /><testcase classname="conflowgen.tests.analyses.test_container_flow_vehicle_type_adjustment_per_vehicle_analysis_report.TestContainerFlowVehicleTypeAdjustmentPerVehicleAnalysisReport" name="test_graph" file="conflowgen\tests\analyses\test_container_flow_vehicle_type_adjustment_per_vehicle_analysis_report.py" line="110" time="0.325" /><testcase classname="conflowgen.tests.analyses.test_container_flow_vehicle_type_adjustment_per_vehicle_analysis_report.TestContainerFlowVehicleTypeAdjustmentPerVehicleAnalysisReport" name="test_graph_with_single_feeder" file="conflowgen\tests\analyses\test_container_flow_vehicle_type_adjustment_per_vehicle_analysis_report.py" line="114" time="0.524" /><testcase classname="conflowgen.tests.analyses.test_container_flow_vehicle_type_adjustment_per_vehicle_analysis_report.TestContainerFlowVehicleTypeAdjustmentPerVehicleAnalysisReport" name="test_inbound_with_single_feeder" file="conflowgen\tests\analyses\test_container_flow_vehicle_type_adjustment_per_vehicle_analysis_report.py" line="96" time="0.079" /><testcase classname="conflowgen.tests.analyses.test_container_flow_vehicle_type_adjustment_per_vehicle_analysis_report.TestContainerFlowVehicleTypeAdjustmentPerVehicleAnalysisReport" name="test_with_no_data" file="conflowgen\tests\analyses\test_container_flow_vehicle_type_adjustment_per_vehicle_analysis_report.py" line="83" time="0.073" /><testcase classname="conflowgen.tests.analyses.test_inbound_and_outbound_vehicle_capacity_analysis.TestInboundAndOutboundVehicleCapacityAnalysis" name="test_inbound_with_no_data" file="conflowgen\tests\analyses\test_inbound_and_outbound_vehicle_capacity_analysis.py" line="36" time="0.066" /><testcase classname="conflowgen.tests.analyses.test_inbound_and_outbound_vehicle_capacity_analysis.TestInboundAndOutboundVehicleCapacityAnalysis" name="test_inbound_with_single_feeder" file="conflowgen\tests\analyses\test_inbound_and_outbound_vehicle_capacity_analysis.py" line="60" time="0.049" /><testcase classname="conflowgen.tests.analyses.test_inbound_and_outbound_vehicle_capacity_analysis.TestInboundAndOutboundVehicleCapacityAnalysis" name="test_outbound_with_no_data" file="conflowgen\tests\analyses\test_inbound_and_outbound_vehicle_capacity_analysis.py" line="45" time="0.048" /><testcase classname="conflowgen.tests.analyses.test_inbound_and_outbound_vehicle_capacity_analysis.TestInboundAndOutboundVehicleCapacityAnalysis" name="test_outbound_with_single_feeder" file="conflowgen\tests\analyses\test_inbound_and_outbound_vehicle_capacity_analysis.py" line="104" time="0.054" /><testcase classname="conflowgen.tests.analyses.test_inbound_and_outbound_vehicle_capacity_analysis_report.TestInboundAndOutboundVehicleCapacityAnalysis" name="test_graph" file="conflowgen\tests\analyses\test_inbound_and_outbound_vehicle_capacity_analysis_report.py" line="101" time="0.190"><failure message="_tkinter.TclError: Can't find a usable tk.tcl in the following directories: &#10;    C:/Users/jc257/AppData/Local/Programs/Python/Python313/tcl/tcl8.6/tk8.6 C:/Users/jc257/AppData/Local/Programs/Python/Python313/tcl/tk8.6 C:/Users/jc257/AppData/Local/Programs/Python/lib/tk8.6 C:/Users/jc257/AppData/Local/Programs/Python/lib/tk8.6 C:/Users/jc257/AppData/Local/Programs/lib/tk8.6 C:/Users/jc257/AppData/Local/Programs/Python/library&#10;&#10;C:/Users/jc257/AppData/Local/Programs/Python/Python313/tcl/tk8.6/tk.tcl: couldn't read file &quot;C:/Users/jc257/AppData/Local/Programs/Python/Python313/tcl/tk8.6/scrlbar.tcl&quot;: no such file or directory&#10;couldn't read file &quot;C:/Users/jc257/AppData/Local/Programs/Python/Python313/tcl/tk8.6/scrlbar.tcl&quot;: no such file or directory&#10;    while executing&#10;&quot;source -encoding utf-8 C:/Users/jc257/AppData/Local/Programs/Python/Python313/tcl/tk8.6/scrlbar.tcl&quot;&#10;    (in namespace eval &quot;::&quot; script line 1)&#10;    invoked from within&#10;&quot;namespace eval :: [list source -encoding utf-8 [file join $::tk_library $file.tcl]]&quot;&#10;    (procedure &quot;SourceLibFile&quot; line 2)&#10;    invoked from within&#10;&quot;SourceLibFile scrlbar&quot;&#10;    (in namespace eval &quot;::tk&quot; script line 9)&#10;    invoked from within&#10;&quot;namespace eval ::tk {&#10;&#09;SourceLibFile icons&#10;&#09;SourceLibFile button&#10;&#09;SourceLibFile entry&#10;&#09;SourceLibFile listbox&#10;&#09;SourceLibFile menu&#10;&#09;SourceLibFile panedw...&quot;&#10;    (file &quot;C:/Users/jc257/AppData/Local/Programs/Python/Python313/tcl/tk8.6/tk.tcl&quot; line 506)&#10;    invoked from within&#10;&quot;source -encoding utf-8 C:/Users/jc257/AppData/Local/Programs/Python/Python313/tcl/tk8.6/tk.tcl&quot;&#10;    (&quot;uplevel&quot; body line 1)&#10;    invoked from within&#10;&quot;uplevel #0 [list source -encoding utf-8 $file]&quot;&#10;&#10;&#10;This probably means that tk wasn't installed properly.">self = &lt;conflowgen.tests.analyses.test_inbound_and_outbound_vehicle_capacity_analysis_report.TestInboundAndOutboundVehicleCapacityAnalysis testMethod=test_graph&gt;

    def test_graph(self):
&gt;       empty_graph = self.analysis.get_report_as_graph()
                      ^^^^^^^^^^^^^^^^^^^^^^^^^^^^^^^^^^^

conflowgen\tests\analyses\test_inbound_and_outbound_vehicle_capacity_analysis_report.py:103: 
_ _ _ _ _ _ _ _ _ _ _ _ _ _ _ _ _ _ _ _ _ _ _ _ _ _ _ _ _ _ _ _ _ _ _ _ _ _ _ _ _ _ _ _ _ _ _ _ _ _ _ _ _ _ _ _ _ _ _ _ _ _ _ _ _ _ _ _ _ _ _ _ _ _ _ _ _ _ _ _ _ _ _ _ _ _ _ _ _ _ _ _ _ _ _ _ _ _ _ _ _ _ _ _ _ _ _ _ _ _ _ _ _ _ _ 
conflowgen\analyses\inbound_and_outbound_vehicle_capacity_analysis_report.py:98: in get_report_as_graph
    ax = self._df.plot.barh()
         ^^^^^^^^^^^^^^^^^^^^
.venv\Lib\site-packages\pandas\plotting\_core.py:1280: in barh
    return self(kind="barh", x=x, y=y, **kwargs)
           ^^^^^^^^^^^^^^^^^^^^^^^^^^^^^^^^^^^^^
.venv\Lib\site-packages\pandas\plotting\_core.py:1030: in __call__
    return plot_backend.plot(data, kind=kind, **kwargs)
           ^^^^^^^^^^^^^^^^^^^^^^^^^^^^^^^^^^^^^^^^^^^^
.venv\Lib\site-packages\pandas\plotting\_matplotlib\__init__.py:71: in plot
    plot_obj.generate()
.venv\Lib\site-packages\pandas\plotting\_matplotlib\core.py:500: in generate
    fig = self.fig
          ^^^^^^^^
pandas/_libs/properties.pyx:36: in pandas._libs.properties.CachedProperty.__get__
    ???
.venv\Lib\site-packages\pandas\plotting\_matplotlib\core.py:555: in fig
    return self._axes_and_fig[1]
           ^^^^^^^^^^^^^^^^^^
pandas/_libs/properties.pyx:36: in pandas._libs.properties.CachedProperty.__get__
    ???
.venv\Lib\site-packages\pandas\plotting\_matplotlib\core.py:580: in _axes_and_fig
    fig = self.plt.figure(figsize=self.figsize)
          ^^^^^^^^^^^^^^^^^^^^^^^^^^^^^^^^^^^^^
.venv\Lib\site-packages\matplotlib\pyplot.py:1042: in figure
    manager = new_figure_manager(
.venv\Lib\site-packages\matplotlib\pyplot.py:552: in new_figure_manager
    return _get_backend_mod().new_figure_manager(*args, **kwargs)
           ^^^^^^^^^^^^^^^^^^^^^^^^^^^^^^^^^^^^^^^^^^^^^^^^^^^^^^
.venv\Lib\site-packages\matplotlib\backend_bases.py:3504: in new_figure_manager
    return cls.new_figure_manager_given_figure(num, fig)
           ^^^^^^^^^^^^^^^^^^^^^^^^^^^^^^^^^^^^^^^^^^^^^
.venv\Lib\site-packages\matplotlib\backend_bases.py:3509: in new_figure_manager_given_figure
    return cls.FigureCanvas.new_manager(figure, num)
           ^^^^^^^^^^^^^^^^^^^^^^^^^^^^^^^^^^^^^^^^^
.venv\Lib\site-packages\matplotlib\backend_bases.py:1785: in new_manager
    return cls.manager_class.create_with_canvas(cls, figure, num)
           ^^^^^^^^^^^^^^^^^^^^^^^^^^^^^^^^^^^^^^^^^^^^^^^^^^^^^^
.venv\Lib\site-packages\matplotlib\backends\_backend_tk.py:535: in create_with_canvas
    window = tk.Tk(className="matplotlib")
             ^^^^^^^^^^^^^^^^^^^^^^^^^^^^^
_ _ _ _ _ _ _ _ _ _ _ _ _ _ _ _ _ _ _ _ _ _ _ _ _ _ _ _ _ _ _ _ _ _ _ _ _ _ _ _ _ _ _ _ _ _ _ _ _ _ _ _ _ _ _ _ _ _ _ _ _ _ _ _ _ _ _ _ _ _ _ _ _ _ _ _ _ _ _ _ _ _ _ _ _ _ _ _ _ _ _ _ _ _ _ _ _ _ _ _ _ _ _ _ _ _ _ _ _ _ _ _ _ _ _ 

self = &lt;tkinter.Tk object .&gt;, screenName = None, baseName = 'pytest', className = 'matplotlib', useTk = True, sync = False, use = None

    def __init__(self, screenName=None, baseName=None, className='Tk',
                 useTk=True, sync=False, use=None):
        """Return a new top level widget on screen SCREENNAME. A new Tcl interpreter will
        be created. BASENAME will be used for the identification of the profile file (see
        readprofile).
        It is constructed from sys.argv[0] without extensions if None is given. CLASSNAME
        is the name of the widget class."""
        self.master = None
        self.children = {}
        self._tkloaded = False
        # to avoid recursions in the getattr code in case of failure, we
        # ensure that self.tk is always _something_.
        self.tk = None
        if baseName is None:
            import os
            baseName = os.path.basename(sys.argv[0])
            baseName, ext = os.path.splitext(baseName)
            if ext not in ('.py', '.pyc'):
                baseName = baseName + ext
        interactive = False
&gt;       self.tk = _tkinter.create(screenName, baseName, className, interactive, wantobjects, useTk, sync, use)
                  ^^^^^^^^^^^^^^^^^^^^^^^^^^^^^^^^^^^^^^^^^^^^^^^^^^^^^^^^^^^^^^^^^^^^^^^^^^^^^^^^^^^^^^^^^^^^
E       _tkinter.TclError: Can't find a usable tk.tcl in the following directories: 
E           C:/Users/jc257/AppData/Local/Programs/Python/Python313/tcl/tcl8.6/tk8.6 C:/Users/jc257/AppData/Local/Programs/Python/Python313/tcl/tk8.6 C:/Users/jc257/AppData/Local/Programs/Python/lib/tk8.6 C:/Users/jc257/AppData/Local/Programs/Python/lib/tk8.6 C:/Users/jc257/AppData/Local/Programs/lib/tk8.6 C:/Users/jc257/AppData/Local/Programs/Python/library
E       
E       C:/Users/jc257/AppData/Local/Programs/Python/Python313/tcl/tk8.6/tk.tcl: couldn't read file "C:/Users/jc257/AppData/Local/Programs/Python/Python313/tcl/tk8.6/scrlbar.tcl": no such file or directory
E       couldn't read file "C:/Users/jc257/AppData/Local/Programs/Python/Python313/tcl/tk8.6/scrlbar.tcl": no such file or directory
E           while executing
E       "source -encoding utf-8 C:/Users/jc257/AppData/Local/Programs/Python/Python313/tcl/tk8.6/scrlbar.tcl"
E           (in namespace eval "::" script line 1)
E           invoked from within
E       "namespace eval :: [list source -encoding utf-8 [file join $::tk_library $file.tcl]]"
E           (procedure "SourceLibFile" line 2)
E           invoked from within
E       "SourceLibFile scrlbar"
E           (in namespace eval "::tk" script line 9)
E           invoked from within
E       "namespace eval ::tk {
E       	SourceLibFile icons
E       	SourceLibFile button
E       	SourceLibFile entry
E       	SourceLibFile listbox
E       	SourceLibFile menu
E       	SourceLibFile panedw..."
E           (file "C:/Users/jc257/AppData/Local/Programs/Python/Python313/tcl/tk8.6/tk.tcl" line 506)
E           invoked from within
E       "source -encoding utf-8 C:/Users/jc257/AppData/Local/Programs/Python/Python313/tcl/tk8.6/tk.tcl"
E           ("uplevel" body line 1)
E           invoked from within
E       "uplevel #0 [list source -encoding utf-8 $file]"
E       
E       
E       This probably means that tk wasn't installed properly.

..\..\..\AppData\Local\Programs\Python\Python313\Lib\tkinter\__init__.py:2465: TclError</failure></testcase><testcase classname="conflowgen.tests.analyses.test_inbound_and_outbound_vehicle_capacity_analysis_report.TestInboundAndOutboundVehicleCapacityAnalysis" name="test_graph_with_single_feeder" file="conflowgen\tests\analyses\test_inbound_and_outbound_vehicle_capacity_analysis_report.py" line="105" time="0.453" /><testcase classname="conflowgen.tests.analyses.test_inbound_and_outbound_vehicle_capacity_analysis_report.TestInboundAndOutboundVehicleCapacityAnalysis" name="test_inbound_with_single_feeder" file="conflowgen\tests\analyses\test_inbound_and_outbound_vehicle_capacity_analysis_report.py" line="86" time="0.062" /><testcase classname="conflowgen.tests.analyses.test_inbound_and_outbound_vehicle_capacity_analysis_report.TestInboundAndOutboundVehicleCapacityAnalysis" name="test_with_no_data" file="conflowgen\tests\analyses\test_inbound_and_outbound_vehicle_capacity_analysis_report.py" line="71" time="0.055" /><testcase classname="conflowgen.tests.analyses.test_inbound_to_outbound_capacity_utilization_analysis.TestInboundToOutboundCapacityUtilizationAnalysis" name="test_inbound_with_single_feeder" file="conflowgen\tests\analyses\test_inbound_to_outbound_capacity_utilization_analysis.py" line="47" time="0.110" /><testcase classname="conflowgen.tests.analyses.test_inbound_to_outbound_capacity_utilization_analysis.TestInboundToOutboundCapacityUtilizationAnalysis" name="test_with_no_data" file="conflowgen\tests\analyses\test_inbound_to_outbound_capacity_utilization_analysis.py" line="35" time="0.084" /><testcase classname="conflowgen.tests.analyses.test_inbound_to_outbound_capacity_utilization_analysis.TestInboundToOutboundCapacityUtilizationAnalysis" name="test_with_no_data_and_start_and_end_date" file="conflowgen\tests\analyses\test_inbound_to_outbound_capacity_utilization_analysis.py" line="40" time="0.056" /><testcase classname="conflowgen.tests.analyses.test_inbound_to_outbound_capacity_utilization_analysis_report.TestInboundToOutboundCapacityUtilizationAnalysisReport" name="test_graph_with_feeder" file="conflowgen\tests\analyses\test_inbound_to_outbound_capacity_utilization_analysis_report.py" line="110" time="1.461" /><testcase classname="conflowgen.tests.analyses.test_inbound_to_outbound_capacity_utilization_analysis_report.TestInboundToOutboundCapacityUtilizationAnalysisReport" name="test_graph_with_no_data" file="conflowgen\tests\analyses\test_inbound_to_outbound_capacity_utilization_analysis_report.py" line="115" time="0.328" /><testcase classname="conflowgen.tests.analyses.test_inbound_to_outbound_capacity_utilization_analysis_report.TestInboundToOutboundCapacityUtilizationAnalysisReport" name="test_inbound_with_single_feeder" file="conflowgen\tests\analyses\test_inbound_to_outbound_capacity_utilization_analysis_report.py" line="97" time="0.063" /><testcase classname="conflowgen.tests.analyses.test_inbound_to_outbound_capacity_utilization_analysis_report.TestInboundToOutboundCapacityUtilizationAnalysisReport" name="test_with_no_data" file="conflowgen\tests\analyses\test_inbound_to_outbound_capacity_utilization_analysis_report.py" line="70" time="0.123" /><testcase classname="conflowgen.tests.analyses.test_inbound_to_outbound_capacity_utilization_analysis_report.TestInboundToOutboundCapacityUtilizationAnalysisReport" name="test_with_no_data_and_start_and_end_date" file="conflowgen\tests\analyses\test_inbound_to_outbound_capacity_utilization_analysis_report.py" line="81" time="0.061" /><testcase classname="conflowgen.tests.analyses.test_modal_split_analysis.TestModalSplitAnalysis" name="test_hinterland_split_with_no_data" file="conflowgen\tests\analyses\test_modal_split_analysis.py" line="39" time="0.058" /><testcase classname="conflowgen.tests.analyses.test_modal_split_analysis.TestModalSplitAnalysis" name="test_outbound_with_single_feeder" file="conflowgen\tests\analyses\test_modal_split_analysis.py" line="78" time="0.049" /><testcase classname="conflowgen.tests.analyses.test_modal_split_analysis.TestModalSplitAnalysis" name="test_outbound_with_single_feeder_and_not_affecting_start_and_end" file="conflowgen\tests\analyses\test_modal_split_analysis.py" line="114" time="0.066" /><testcase classname="conflowgen.tests.analyses.test_modal_split_analysis.TestModalSplitAnalysis" name="test_transshipment_share_with_no_data" file="conflowgen\tests\analyses\test_modal_split_analysis.py" line="35" time="0.059" /><testcase classname="conflowgen.tests.analyses.test_modal_split_analysis.TestModalSplitAnalysis" name="test_transshipment_share_with_single_feeder" file="conflowgen\tests\analyses\test_modal_split_analysis.py" line="43" time="0.063" /><testcase classname="conflowgen.tests.analyses.test_modal_split_analysis_report.TestModalSplitAnalysisReport" name="test_graph_with_no_data" file="conflowgen\tests\analyses\test_modal_split_analysis_report.py" line="124" time="0.901" /><testcase classname="conflowgen.tests.analyses.test_modal_split_analysis_report.TestModalSplitAnalysisReport" name="test_graph_with_single_feeder" file="conflowgen\tests\analyses\test_modal_split_analysis_report.py" line="128" time="0.903" /><testcase classname="conflowgen.tests.analyses.test_modal_split_analysis_report.TestModalSplitAnalysisReport" name="test_inbound_with_single_feeder" file="conflowgen\tests\analyses\test_modal_split_analysis_report.py" line="98" time="0.064" /><testcase classname="conflowgen.tests.analyses.test_modal_split_analysis_report.TestModalSplitAnalysisReport" name="test_with_no_data" file="conflowgen\tests\analyses\test_modal_split_analysis_report.py" line="73" time="0.070" /><testcase classname="conflowgen.tests.analyses.test_quay_side_throughput_analysis.TestQuaySideThroughputAnalysis" name="test_with_no_data" file="conflowgen\tests\analyses\test_quay_side_throughput_analysis.py" line="37" time="0.095" /><testcase classname="conflowgen.tests.analyses.test_quay_side_throughput_analysis.TestQuaySideThroughputAnalysis" name="test_with_single_container" file="conflowgen\tests\analyses\test_quay_side_throughput_analysis.py" line="42" time="0.127" /><testcase classname="conflowgen.tests.analyses.test_quay_side_throughput_analysis.TestQuaySideThroughputAnalysis" name="test_with_two_containers" file="conflowgen\tests\analyses\test_quay_side_throughput_analysis.py" line="86" time="0.067" /><testcase classname="conflowgen.tests.analyses.test_quay_side_throughput_analysis_report.TestQuaySideThroughputAnalysisReport" name="test_graph_with_no_data" file="conflowgen\tests\analyses\test_quay_side_throughput_analysis_report.py" line="189" time="0.346" /><testcase classname="conflowgen.tests.analyses.test_quay_side_throughput_analysis_report.TestQuaySideThroughputAnalysisReport" name="test_graph_with_single_feeder" file="conflowgen\tests\analyses\test_quay_side_throughput_analysis_report.py" line="193" time="0.554" /><testcase classname="conflowgen.tests.analyses.test_quay_side_throughput_analysis_report.TestQuaySideThroughputAnalysisReport" name="test_with_no_data" file="conflowgen\tests\analyses\test_quay_side_throughput_analysis_report.py" line="103" time="0.108" /><testcase classname="conflowgen.tests.analyses.test_quay_side_throughput_analysis_report.TestQuaySideThroughputAnalysisReport" name="test_with_single_feeder" file="conflowgen\tests\analyses\test_quay_side_throughput_analysis_report.py" line="119" time="0.140" /><testcase classname="conflowgen.tests.analyses.test_quay_side_throughput_analysis_report.TestQuaySideThroughputAnalysisReport" name="test_with_train" file="conflowgen\tests\analyses\test_quay_side_throughput_analysis_report.py" line="135" time="0.100" /><testcase classname="conflowgen.tests.analyses.test_run_all_analyses.TestRunAllAnalyses" name="test_with_no_data" file="conflowgen\tests\analyses\test_run_all_analyses.py" line="21" time="0.521" /><testcase classname="conflowgen.tests.analyses.test_run_all_analyses.TestRunAllAnalyses" name="test_with_no_data_as_graph" file="conflowgen\tests\analyses\test_run_all_analyses.py" line="26" time="6.963" /><testcase classname="conflowgen.tests.analyses.test_truck_gate_throughput_analysis.TestTruckGateThroughputAnalysis" name="test_with_no_data" file="conflowgen\tests\analyses\test_truck_gate_throughput_analysis.py" line="35" time="0.014" /><testcase classname="conflowgen.tests.analyses.test_truck_gate_throughput_analysis.TestTruckGateThroughputAnalysis" name="test_with_single_container" file="conflowgen\tests\analyses\test_truck_gate_throughput_analysis.py" line="40" time="0.026" /><testcase classname="conflowgen.tests.analyses.test_truck_gate_throughput_analysis.TestTruckGateThroughputAnalysis" name="test_with_two_containers" file="conflowgen\tests\analyses\test_truck_gate_throughput_analysis.py" line="84" time="0.024" /><testcase classname="conflowgen.tests.analyses.test_truck_gate_throughput_analysis.TestTruckGateThroughputAnalysis" name="test_with_two_containers_and_end_time" file="conflowgen\tests\analyses\test_truck_gate_throughput_analysis.py" line="147" time="0.018" /><testcase classname="conflowgen.tests.analyses.test_truck_gate_throughput_analysis_report.TestTruckGateThroughputAnalysisReport" name="test_graph_with_no_data" file="conflowgen\tests\analyses\test_truck_gate_throughput_analysis_report.py" line="179" time="0.095" /><testcase classname="conflowgen.tests.analyses.test_truck_gate_throughput_analysis_report.TestTruckGateThroughputAnalysisReport" name="test_graph_with_two_trucks" file="conflowgen\tests\analyses\test_truck_gate_throughput_analysis_report.py" line="183" time="0.099" /><testcase classname="conflowgen.tests.analyses.test_truck_gate_throughput_analysis_report.TestTruckGateThroughputAnalysisReport" name="test_with_no_data" file="conflowgen\tests\analyses\test_truck_gate_throughput_analysis_report.py" line="105" time="0.015" /><testcase classname="conflowgen.tests.analyses.test_truck_gate_throughput_analysis_report.TestTruckGateThroughputAnalysisReport" name="test_with_train" file="conflowgen\tests\analyses\test_truck_gate_throughput_analysis_report.py" line="129" time="0.018" /><testcase classname="conflowgen.tests.analyses.test_truck_gate_throughput_analysis_report.TestTruckGateThroughputAnalysisReport" name="test_with_two_trucks" file="conflowgen\tests\analyses\test_truck_gate_throughput_analysis_report.py" line="117" time="0.020" /><testcase classname="conflowgen.tests.analyses.test_yard_capacity_analysis.TestYardCapacityAnalysis" name="test_with_container_group" file="conflowgen\tests\analyses\test_yard_capacity_analysis.py" line="157" time="0.060" /><testcase classname="conflowgen.tests.analyses.test_yard_capacity_analysis.TestYardCapacityAnalysis" name="test_with_no_data" file="conflowgen\tests\analyses\test_yard_capacity_analysis.py" line="37" time="0.013" /><testcase classname="conflowgen.tests.analyses.test_yard_capacity_analysis.TestYardCapacityAnalysis" name="test_with_single_container" file="conflowgen\tests\analyses\test_yard_capacity_analysis.py" line="42" time="0.017" /><testcase classname="conflowgen.tests.analyses.test_yard_capacity_analysis.TestYardCapacityAnalysis" name="test_with_two_containers" file="conflowgen\tests\analyses\test_yard_capacity_analysis.py" line="90" time="0.020" /><testcase classname="conflowgen.tests.analyses.test_yard_capacity_analysis_report.TestYardCapacityAnalysisReport" name="test_graph_no_data" file="conflowgen\tests\analyses\test_yard_capacity_analysis_report.py" line="127" time="0.087" /><testcase classname="conflowgen.tests.analyses.test_yard_capacity_analysis_report.TestYardCapacityAnalysisReport" name="test_graph_with_single_feeder" file="conflowgen\tests\analyses\test_yard_capacity_analysis_report.py" line="131" time="0.111" /><testcase classname="conflowgen.tests.analyses.test_yard_capacity_analysis_report.TestYardCapacityAnalysisReport" name="test_inbound_with_single_feeder" file="conflowgen\tests\analyses\test_yard_capacity_analysis_report.py" line="114" time="0.021" /><testcase classname="conflowgen.tests.analyses.test_yard_capacity_analysis_report.TestYardCapacityAnalysisReport" name="test_with_no_data" file="conflowgen\tests\analyses\test_yard_capacity_analysis_report.py" line="101" time="0.016" /><testcase classname="conflowgen.tests.api.test_container_dwell_time_distribution_manager.TestContainerDwellTimeDistributionManager" name="test_get_container_dwell_time_distributions" file="conflowgen\tests\api\test_container_dwell_time_distribution_manager.py" line="90" time="0.051" /><testcase classname="conflowgen.tests.api.test_container_dwell_time_distribution_manager.TestContainerDwellTimeDistributionManager" name="test_set_container_dwell_time_distributions" file="conflowgen\tests\api\test_container_dwell_time_distribution_manager.py" line="99" time="0.054" /><testcase classname="conflowgen.tests.api.test_container_flow_generation_manager.TestContainerFlowGenerationManager" name="test_container_flow_data_exists" file="conflowgen\tests\api\test_container_flow_generation_manager.py" line="107" time="0.026" /><testcase classname="conflowgen.tests.api.test_container_flow_generation_manager.TestContainerFlowGenerationManager" name="test_generate_with_overwrite" file="conflowgen\tests\api\test_container_flow_generation_manager.py" line="27" time="0.024" /><testcase classname="conflowgen.tests.api.test_container_flow_generation_manager.TestContainerFlowGenerationManager" name="test_generate_without_overwrite_and_no_previous_data" file="conflowgen\tests\api\test_container_flow_generation_manager.py" line="35" time="0.024" /><testcase classname="conflowgen.tests.api.test_container_flow_generation_manager.TestContainerFlowGenerationManager" name="test_generate_without_overwrite_and_some_previous_data" file="conflowgen\tests\api\test_container_flow_generation_manager.py" line="48" time="0.023" /><testcase classname="conflowgen.tests.api.test_container_flow_generation_manager.TestContainerFlowGenerationManager" name="test_get_properties" file="conflowgen\tests\api\test_container_flow_generation_manager.py" line="61" time="0.024" /><testcase classname="conflowgen.tests.api.test_container_flow_generation_manager.TestContainerFlowGenerationManager" name="test_set_properties" file="conflowgen\tests\api\test_container_flow_generation_manager.py" line="96" time="0.026" /><testcase classname="conflowgen.tests.api.test_container_length_distribution_manager.TestContainerLengthDistributionManager" name="test_get_container_lengths" file="conflowgen\tests\api\test_container_length_distribution_manager.py" line="19" time="0.001" /><testcase classname="conflowgen.tests.api.test_container_length_distribution_manager.TestContainerLengthDistributionManager" name="test_set_container_lengths" file="conflowgen\tests\api\test_container_length_distribution_manager.py" line="28" time="0.001" /><testcase classname="conflowgen.tests.api.test_container_storage_requirements_distribution_manager.TestStorageRequirementsDistributionManager" name="test_get_container_lengths" file="conflowgen\tests\api\test_container_storage_requirements_distribution_manager.py" line="14" time="0.001" /><testcase classname="conflowgen.tests.api.test_container_storage_requirements_distribution_manager.TestStorageRequirementsDistributionManager" name="test_set_container_lengths" file="conflowgen\tests\api\test_container_storage_requirements_distribution_manager.py" line="23" time="0.001" /><testcase classname="conflowgen.tests.api.test_container_weight_distribution_manager.TestContainerWeightDistributionManager" name="test_get_container_weights" file="conflowgen\tests\api\test_container_weight_distribution_manager.py" line="31" time="0.001" /><testcase classname="conflowgen.tests.api.test_container_weight_distribution_manager.TestContainerWeightDistributionManager" name="test_set_container_lengths" file="conflowgen\tests\api\test_container_weight_distribution_manager.py" line="39" time="0.002" /><testcase classname="conflowgen.tests.api.test_database_chooser.TestDatabaseChooser" name="test_close_current_connection_with_connection" file="conflowgen\tests\api\test_database_chooser.py" line="45" time="0.011" /><testcase classname="conflowgen.tests.api.test_database_chooser.TestDatabaseChooser" name="test_close_current_connection_without_connection" file="conflowgen\tests\api\test_database_chooser.py" line="56" time="0.010" /><testcase classname="conflowgen.tests.api.test_database_chooser.TestDatabaseChooser" name="test_create_new_sqlite_database" file="conflowgen\tests\api\test_database_chooser.py" line="37" time="0.011" /><testcase classname="conflowgen.tests.api.test_database_chooser.TestDatabaseChooser" name="test_list_all_sqlite_databases" file="conflowgen\tests\api\test_database_chooser.py" line="21" time="0.010" /><testcase classname="conflowgen.tests.api.test_database_chooser.TestDatabaseChooser" name="test_load_existing_sqlite_database" file="conflowgen\tests\api\test_database_chooser.py" line="29" time="0.010" /><testcase classname="conflowgen.tests.api.test_mode_of_transport_distribution_manager.TestModeOfTransportDistributionManager" name="test_get" file="conflowgen\tests\api\test_mode_of_transport_distribution_manager.py" line="22" time="0.019" /><testcase classname="conflowgen.tests.api.test_mode_of_transport_distribution_manager.TestModeOfTransportDistributionManager" name="test_happy_path" file="conflowgen\tests\api\test_mode_of_transport_distribution_manager.py" line="89" time="0.019" /><testcase classname="conflowgen.tests.api.test_mode_of_transport_distribution_manager.TestModeOfTransportDistributionManager" name="test_set_distribution_with_dirty_distribution" file="conflowgen\tests\api\test_mode_of_transport_distribution_manager.py" line="173" time="0.010" /><testcase classname="conflowgen.tests.api.test_mode_of_transport_distribution_manager.TestModeOfTransportDistributionManager" name="test_set_distribution_with_wrongly_typed_distribution" file="conflowgen\tests\api\test_mode_of_transport_distribution_manager.py" line="130" time="0.010" /><testcase classname="conflowgen.tests.api.test_mode_of_transport_distribution_manager.TestModeOfTransportDistributionManager" name="test_set_with_missing_keys_first_level" file="conflowgen\tests\api\test_mode_of_transport_distribution_manager.py" line="34" time="0.010" /><testcase classname="conflowgen.tests.api.test_mode_of_transport_distribution_manager.TestModeOfTransportDistributionManager" name="test_set_with_missing_keys_second_level" file="conflowgen\tests\api\test_mode_of_transport_distribution_manager.py" line="55" time="0.010" /><testcase classname="conflowgen.tests.api.test_port_call_manager.TestPortCallManager" name="test_add_service_that_calls_terminal" file="conflowgen\tests\api\test_port_call_manager.py" line="13" time="0.001" /><testcase classname="conflowgen.tests.api.test_port_call_manager.TestPortCallManager" name="test_add_vehicle" file="conflowgen\tests\api\test_port_call_manager.py" line="55" time="0.001" /><testcase classname="conflowgen.tests.api.test_port_call_manager.TestPortCallManager" name="test_get" file="conflowgen\tests\api\test_port_call_manager.py" line="95" time="0.001" /><testcase classname="conflowgen.tests.api.test_truck_arrival_distribution_manager.TestTruckArrivalDistributionManager" name="test_get_truck_arrival_distributions" file="conflowgen\tests\api\test_truck_arrival_distribution_manager.py" line="15" time="0.001" /><testcase classname="conflowgen.tests.api.test_truck_arrival_distribution_manager.TestTruckArrivalDistributionManager" name="test_set_truck_arrival_distribution_with_half_hour_windows" file="conflowgen\tests\api\test_truck_arrival_distribution_manager.py" line="32" time="0.002" /><testcase classname="conflowgen.tests.api.test_truck_arrival_distribution_manager.TestTruckArrivalDistributionManager" name="test_set_truck_arrival_distributions" file="conflowgen\tests\api\test_truck_arrival_distribution_manager.py" line="24" time="0.001" /><testcase classname="conflowgen.tests.application.reports.test_container_flow_statistics_report.TestContainerFlowStatisticsReport" name="test_empty_ship_using_buffer_as_maximum" file="conflowgen\tests\application\reports\test_container_flow_statistics_report.py" line="134" time="0.014" /><testcase classname="conflowgen.tests.application.reports.test_container_flow_statistics_report.TestContainerFlowStatisticsReport" name="test_empty_ship_using_capacity_as_maximum" file="conflowgen\tests\application\reports\test_container_flow_statistics_report.py" line="111" time="0.010" /><testcase classname="conflowgen.tests.application.reports.test_container_flow_statistics_report.TestContainerFlowStatisticsReport" name="test_inbound_loaded_ship_using_capacity_as_maximum" file="conflowgen\tests\application\reports\test_container_flow_statistics_report.py" line="159" time="0.010" /><testcase classname="conflowgen.tests.application.reports.test_container_flow_statistics_report.TestContainerFlowStatisticsReport" name="test_outbound_loaded_ship_using_buffer_as_maximum" file="conflowgen\tests\application\reports\test_container_flow_statistics_report.py" line="183" time="0.011" /><testcase classname="conflowgen.tests.application.reports.test_container_flow_statistics_report.TestContainerFlowStatisticsReport" name="test_outbound_loaded_ship_using_capacity_as_maximum" file="conflowgen\tests\application\reports\test_container_flow_statistics_report.py" line="212" time="0.011" /><testcase classname="conflowgen.tests.application.reports.test_container_flow_statistics_report.TestContainerFlowStatisticsReport" name="test_two_loaded_ships_one_with_outbound_traffic" file="conflowgen\tests\application\reports\test_container_flow_statistics_report.py" line="274" time="0.016" /><testcase classname="conflowgen.tests.application.reports.test_container_flow_statistics_report.TestContainerFlowStatisticsReport" name="test_two_ships_one_with_inbound_traffic" file="conflowgen\tests\application\reports\test_container_flow_statistics_report.py" line="242" time="0.014" /><testcase classname="conflowgen.tests.application.repositories.test_container_flow_generation_properties_repository.TestContainerFlowGenerationProperties" name="test_broken_properties__double_entry_in_database" file="conflowgen\tests\application\repositories\test_container_flow_generation_properties_repository.py" line="80" time="0.004" /><testcase classname="conflowgen.tests.application.repositories.test_container_flow_generation_properties_repository.TestContainerFlowGenerationProperties" name="test_broken_properties__end_date_too_early" file="conflowgen\tests\application\repositories\test_container_flow_generation_properties_repository.py" line="71" time="0.001" /><testcase classname="conflowgen.tests.application.repositories.test_container_flow_generation_properties_repository.TestContainerFlowGenerationProperties" name="test_get_default_values" file="conflowgen\tests\application\repositories\test_container_flow_generation_properties_repository.py" line="23" time="0.002" /><testcase classname="conflowgen.tests.application.repositories.test_container_flow_generation_properties_repository.TestContainerFlowGenerationProperties" name="test_properties_creation_behavior_with_get" file="conflowgen\tests\application\repositories\test_container_flow_generation_properties_repository.py" line="37" time="0.003" /><testcase classname="conflowgen.tests.application.repositories.test_container_flow_generation_properties_repository.TestContainerFlowGenerationProperties" name="test_set_values" file="conflowgen\tests\application\repositories\test_container_flow_generation_properties_repository.py" line="49" time="0.003" /><testcase classname="conflowgen.tests.application.repositories.test_container_flow_generation_properties_repository.TestContainerFlowGenerationProperties" name="test_set_values_on_old_instance" file="conflowgen\tests\application\repositories\test_container_flow_generation_properties_repository.py" line="92" time="0.003" /><testcase classname="conflowgen.tests.application.repositories.test_container_flow_generation_properties_repository.TestContainerFlowGenerationProperties" name="test_set_values_twice" file="conflowgen\tests\application\repositories\test_container_flow_generation_properties_repository.py" line="117" time="0.004" /><testcase classname="conflowgen.tests.application.repositories.test_random_seed_store_repository.TestRandomSeedStoreRepository" name="test_do_not_reuse_existing_random_entry" file="conflowgen\tests\application\repositories\test_random_seed_store_repository.py" line="44" time="0.002" /><testcase classname="conflowgen.tests.application.repositories.test_random_seed_store_repository.TestRandomSeedStoreRepository" name="test_fix_and_reuse_journey" file="conflowgen\tests\application\repositories\test_random_seed_store_repository.py" line="54" time="0.011" /><testcase classname="conflowgen.tests.application.repositories.test_random_seed_store_repository.TestRandomSeedStoreRepository" name="test_fix_existing_entry" file="conflowgen\tests\application\repositories\test_random_seed_store_repository.py" line="26" time="0.002" /><testcase classname="conflowgen.tests.application.repositories.test_random_seed_store_repository.TestRandomSeedStoreRepository" name="test_get_empty_entry" file="conflowgen\tests\application\repositories\test_random_seed_store_repository.py" line="18" time="0.002" /><testcase classname="conflowgen.tests.application.repositories.test_random_seed_store_repository.TestRandomSeedStoreRepository" name="test_reuse_existing_entry" file="conflowgen\tests\application\repositories\test_random_seed_store_repository.py" line="34" time="0.002" /><testcase classname="conflowgen.tests.application.services.test_export_container_flow_service.TestExportContainerFlowService" name="test_branch_keyerror_during_drop" file="conflowgen\tests\application\services\test_export_container_flow_service.py" line="360" time="0.009" /><testcase classname="conflowgen.tests.application.services.test_export_container_flow_service.TestExportContainerFlowService" name="test_columns_to_drop" file="conflowgen\tests\application\services\test_export_container_flow_service.py" line="385" time="0.002" /><testcase classname="conflowgen.tests.application.services.test_export_container_flow_service.TestExportContainerFlowService" name="test_columns_to_rename" file="conflowgen\tests\application\services\test_export_container_flow_service.py" line="403" time="0.001" /><testcase classname="conflowgen.tests.application.services.test_export_container_flow_service.TestExportContainerFlowService" name="test_convert_sql_database_to_pandas_dataframe" file="conflowgen\tests\application\services\test_export_container_flow_service.py" line="173" time="0.003" /><testcase classname="conflowgen.tests.application.services.test_export_container_flow_service.TestExportContainerFlowService" name="test_convert_table_to_pandas_dataframe_exceptions" file="conflowgen\tests\application\services\test_export_container_flow_service.py" line="132" time="0.015" /><testcase classname="conflowgen.tests.application.services.test_export_container_flow_service.TestExportContainerFlowService" name="test_convert_table_to_pandas_dataframe_resolved_column" file="conflowgen\tests\application\services\test_export_container_flow_service.py" line="250" time="0.007" /><testcase classname="conflowgen.tests.application.services.test_export_container_flow_service.TestExportContainerFlowService" name="test_export_creates_folder_and_saves_csv" file="conflowgen\tests\application\services\test_export_container_flow_service.py" line="200" time="0.003" /><testcase classname="conflowgen.tests.application.services.test_export_container_flow_service.TestExportContainerFlowService" name="test_export_existing_folder_overwrite_behavior" file="conflowgen\tests\application\services\test_export_container_flow_service.py" line="226" time="0.002" /><testcase classname="conflowgen.tests.application.services.test_export_container_flow_service.TestExportContainerFlowService" name="test_foreign_key_paths_recursion" file="conflowgen\tests\application\services\test_export_container_flow_service.py" line="279" time="0.005" /><testcase classname="conflowgen.tests.application.services.test_export_container_flow_service.TestExportContainerFlowService" name="test_none_foreign_key" file="conflowgen\tests\application\services\test_export_container_flow_service.py" line="319" time="0.013" /><testcase classname="conflowgen.tests.application.services.test_export_container_flow_service.TestExportContainerFlowService" name="test_save_as_csv_xls_xlsx" file="conflowgen\tests\application\services\test_export_container_flow_service.py" line="108" time="0.002" /><testcase classname="conflowgen.tests.application.services.test_vehicle_capacity_manager.TestVehicleCapacityManager" name="test_free_capacity_during_ramp_down_period_for_one_teu" file="conflowgen\tests\application\services\test_vehicle_capacity_manager.py" line="196" time="0.008" /><testcase classname="conflowgen.tests.application.services.test_vehicle_capacity_manager.TestVehicleCapacityManager" name="test_free_capacity_during_ramp_up_period_for_one_teu" file="conflowgen\tests\application\services\test_vehicle_capacity_manager.py" line="177" time="0.006" /><testcase classname="conflowgen.tests.application.services.test_vehicle_capacity_manager.TestVehicleCapacityManager" name="test_free_capacity_during_ramp_up_period_without_load" file="conflowgen\tests\application\services\test_vehicle_capacity_manager.py" line="217" time="0.007" /><testcase classname="conflowgen.tests.application.services.test_vehicle_capacity_manager.TestVehicleCapacityManager" name="test_free_capacity_for_45_foot_container" file="conflowgen\tests\application\services\test_vehicle_capacity_manager.py" line="243" time="0.007" /><testcase classname="conflowgen.tests.application.services.test_vehicle_capacity_manager.TestVehicleCapacityManager" name="test_free_capacity_for_one_ffe" file="conflowgen\tests\application\services\test_vehicle_capacity_manager.py" line="227" time="0.006" /><testcase classname="conflowgen.tests.application.services.test_vehicle_capacity_manager.TestVehicleCapacityManager" name="test_free_capacity_for_one_teu" file="conflowgen\tests\application\services\test_vehicle_capacity_manager.py" line="158" time="0.007" /><testcase classname="conflowgen.tests.application.services.test_vehicle_capacity_manager.TestVehicleCapacityManager" name="test_free_capacity_for_other_container" file="conflowgen\tests\application\services\test_vehicle_capacity_manager.py" line="259" time="0.006" /><testcase classname="conflowgen.tests.application.services.test_vehicle_capacity_manager.TestVehicleCapacityManager" name="test_free_capacity_on_inbound_journey_without_any_containers_and_a_ramp_down_period" file="conflowgen\tests\application\services\test_vehicle_capacity_manager.py" line="136" time="0.007" /><testcase classname="conflowgen.tests.application.services.test_vehicle_capacity_manager.TestVehicleCapacityManager" name="test_free_capacity_on_inbound_journey_without_any_containers_and_no_ramp_down_period" file="conflowgen\tests\application\services\test_vehicle_capacity_manager.py" line="121" time="0.008" /><testcase classname="conflowgen.tests.application.services.test_vehicle_capacity_manager.TestVehicleCapacityManager" name="test_free_capacity_on_outbound_journey_without_any_containers_and_a_ramp_up_period_0" file="conflowgen\tests\application\services\test_vehicle_capacity_manager.py" line="93" time="0.008" /><testcase classname="conflowgen.tests.application.services.test_vehicle_capacity_manager.TestVehicleCapacityManager" name="test_free_capacity_on_outbound_journey_without_any_containers_and_a_ramp_up_period_1" file="conflowgen\tests\application\services\test_vehicle_capacity_manager.py" line="93" time="0.008" /><testcase classname="conflowgen.tests.application.services.test_vehicle_capacity_manager.TestVehicleCapacityManager" name="test_free_capacity_on_outbound_journey_without_any_containers_and_a_ramp_up_period_2" file="conflowgen\tests\application\services\test_vehicle_capacity_manager.py" line="93" time="0.007" /><testcase classname="conflowgen.tests.application.services.test_vehicle_capacity_manager.TestVehicleCapacityManager" name="test_free_capacity_on_outbound_journey_without_any_containers_and_no_ramp_up_period_0" file="conflowgen\tests\application\services\test_vehicle_capacity_manager.py" line="72" time="0.008" /><testcase classname="conflowgen.tests.application.services.test_vehicle_capacity_manager.TestVehicleCapacityManager" name="test_free_capacity_on_outbound_journey_without_any_containers_and_no_ramp_up_period_1" file="conflowgen\tests\application\services\test_vehicle_capacity_manager.py" line="72" time="0.008" /><testcase classname="conflowgen.tests.application.services.test_vehicle_countainer_volume_calculator.TestVehicleContainerVolumeCalculator" name="test_get_maximum_transported_container_volume_on_outbound_journey_and_a_non_applicable_ramp_up_period_0" file="conflowgen\tests\application\services\test_vehicle_countainer_volume_calculator.py" line="113" time="0.004" /><testcase classname="conflowgen.tests.application.services.test_vehicle_countainer_volume_calculator.TestVehicleContainerVolumeCalculator" name="test_get_maximum_transported_container_volume_on_outbound_journey_and_a_non_applicable_ramp_up_period_1" file="conflowgen\tests\application\services\test_vehicle_countainer_volume_calculator.py" line="113" time="0.003" /><testcase classname="conflowgen.tests.application.services.test_vehicle_countainer_volume_calculator.TestVehicleContainerVolumeCalculator" name="test_get_maximum_transported_container_volume_on_outbound_journey_and_a_non_applicable_ramp_up_period_2" file="conflowgen\tests\application\services\test_vehicle_countainer_volume_calculator.py" line="113" time="0.003" /><testcase classname="conflowgen.tests.application.services.test_vehicle_countainer_volume_calculator.TestVehicleContainerVolumeCalculator" name="test_get_maximum_transported_container_volume_on_outbound_journey_and_an_applicable_ramp_up_period_0" file="conflowgen\tests\application\services\test_vehicle_countainer_volume_calculator.py" line="87" time="0.003" /><testcase classname="conflowgen.tests.application.services.test_vehicle_countainer_volume_calculator.TestVehicleContainerVolumeCalculator" name="test_get_maximum_transported_container_volume_on_outbound_journey_and_an_applicable_ramp_up_period_1" file="conflowgen\tests\application\services\test_vehicle_countainer_volume_calculator.py" line="87" time="0.004" /><testcase classname="conflowgen.tests.application.services.test_vehicle_countainer_volume_calculator.TestVehicleContainerVolumeCalculator" name="test_get_maximum_transported_container_volume_on_outbound_journey_and_an_applicable_ramp_up_period_2" file="conflowgen\tests\application\services\test_vehicle_countainer_volume_calculator.py" line="87" time="0.004" /><testcase classname="conflowgen.tests.application.services.test_vehicle_countainer_volume_calculator.TestVehicleContainerVolumeCalculator" name="test_get_maximum_transported_container_volume_on_outbound_journey_and_no_ramp_up_period_0" file="conflowgen\tests\application\services\test_vehicle_countainer_volume_calculator.py" line="65" time="0.004" /><testcase classname="conflowgen.tests.application.services.test_vehicle_countainer_volume_calculator.TestVehicleContainerVolumeCalculator" name="test_get_maximum_transported_container_volume_on_outbound_journey_and_no_ramp_up_period_1" file="conflowgen\tests\application\services\test_vehicle_countainer_volume_calculator.py" line="65" time="0.003" /><testcase classname="conflowgen.tests.application.services.test_vehicle_countainer_volume_calculator.TestVehicleContainerVolumeCalculator" name="test_get_maximum_transported_container_volume_on_outbound_journey_and_no_ramp_up_period_2" file="conflowgen\tests\application\services\test_vehicle_countainer_volume_calculator.py" line="65" time="0.004" /><testcase classname="conflowgen.tests.application.services.test_vehicle_countainer_volume_calculator.TestVehicleContainerVolumeCalculator" name="test_get_maximum_transported_container_volume_on_outbound_journey_and_no_ramp_up_period_3" file="conflowgen\tests\application\services\test_vehicle_countainer_volume_calculator.py" line="65" time="0.003" /><testcase classname="conflowgen.tests.application.services.test_vehicle_countainer_volume_calculator.TestVehicleContainerVolumeCalculator" name="test_get_transported_container_volume_on_inbound_journey_and_a_non_applicable_ramp_down_period" file="conflowgen\tests\application\services\test_vehicle_countainer_volume_calculator.py" line="172" time="0.004" /><testcase classname="conflowgen.tests.application.services.test_vehicle_countainer_volume_calculator.TestVehicleContainerVolumeCalculator" name="test_get_transported_container_volume_on_inbound_journey_and_an_applicable_ramp_down_period" file="conflowgen\tests\application\services\test_vehicle_countainer_volume_calculator.py" line="154" time="0.003" /><testcase classname="conflowgen.tests.application.services.test_vehicle_countainer_volume_calculator.TestVehicleContainerVolumeCalculator" name="test_get_transported_container_volume_on_inbound_journey_and_no_ramp_down_period" file="conflowgen\tests\application\services\test_vehicle_countainer_volume_calculator.py" line="139" time="0.004" /><testcase classname="conflowgen.tests.data_summaries.test_data_summaries_cache.TestDataSummariesCache" name="test_cache_custom_object" file="conflowgen\tests\data_summaries\test_data_summaries_cache.py" line="445" time="0.022" /><testcase classname="conflowgen.tests.data_summaries.test_data_summaries_cache.TestDataSummariesCache" name="test_cache_dictionary" file="conflowgen\tests\data_summaries\test_data_summaries_cache.py" line="432" time="0.022" /><testcase classname="conflowgen.tests.data_summaries.test_data_summaries_cache.TestDataSummariesCache" name="test_cache_float" file="conflowgen\tests\data_summaries\test_data_summaries_cache.py" line="399" time="0.020" /><testcase classname="conflowgen.tests.data_summaries.test_data_summaries_cache.TestDataSummariesCache" name="test_cache_list" file="conflowgen\tests\data_summaries\test_data_summaries_cache.py" line="421" time="0.021" /><testcase classname="conflowgen.tests.data_summaries.test_data_summaries_cache.TestDataSummariesCache" name="test_cache_none" file="conflowgen\tests\data_summaries\test_data_summaries_cache.py" line="388" time="0.021" /><testcase classname="conflowgen.tests.data_summaries.test_data_summaries_cache.TestDataSummariesCache" name="test_cache_reset" file="conflowgen\tests\data_summaries\test_data_summaries_cache.py" line="232" time="0.021" /><testcase classname="conflowgen.tests.data_summaries.test_data_summaries_cache.TestDataSummariesCache" name="test_cache_string" file="conflowgen\tests\data_summaries\test_data_summaries_cache.py" line="410" time="0.020" /><testcase classname="conflowgen.tests.data_summaries.test_data_summaries_cache.TestDataSummariesCache" name="test_cache_with_default_args" file="conflowgen\tests\data_summaries\test_data_summaries_cache.py" line="343" time="0.021" /><testcase classname="conflowgen.tests.data_summaries.test_data_summaries_cache.TestDataSummariesCache" name="test_cache_with_different_function_args" file="conflowgen\tests\data_summaries\test_data_summaries_cache.py" line="257" time="0.020" /><testcase classname="conflowgen.tests.data_summaries.test_data_summaries_cache.TestDataSummariesCache" name="test_cache_with_different_functions" file="conflowgen\tests\data_summaries\test_data_summaries_cache.py" line="285" time="0.022" /><testcase classname="conflowgen.tests.data_summaries.test_data_summaries_cache.TestDataSummariesCache" name="test_cache_with_no_args" file="conflowgen\tests\data_summaries\test_data_summaries_cache.py" line="320" time="0.020" /><testcase classname="conflowgen.tests.data_summaries.test_data_summaries_cache.TestDataSummariesCache" name="test_class_methods" file="conflowgen\tests\data_summaries\test_data_summaries_cache.py" line="496" time="0.020" /><testcase classname="conflowgen.tests.data_summaries.test_data_summaries_cache.TestDataSummariesCache" name="test_docstring_preservation" file="conflowgen\tests\data_summaries\test_data_summaries_cache.py" line="371" time="0.021" /><testcase classname="conflowgen.tests.data_summaries.test_data_summaries_cache.TestDataSummariesCache" name="test_nested_decorator" file="conflowgen\tests\data_summaries\test_data_summaries_cache.py" line="460" time="0.021" /><testcase classname="conflowgen.tests.data_summaries.test_data_summaries_cache.TestDataSummariesCache" name="test_sanity" file="conflowgen\tests\data_summaries\test_data_summaries_cache.py" line="92" time="0.021" /><testcase classname="conflowgen.tests.data_summaries.test_data_summaries_cache.TestDataSummariesCache" name="test_with_adjusted_preview" file="conflowgen\tests\data_summaries\test_data_summaries_cache.py" line="171" time="0.155" /><testcase classname="conflowgen.tests.data_summaries.test_data_summaries_cache.TestDataSummariesCache" name="test_with_preview" file="conflowgen\tests\data_summaries\test_data_summaries_cache.py" line="125" time="0.086" /><testcase classname="conflowgen.tests.database_connection.test_database_chooser.TestDatabaseChooser" name="test_close_with_open_connection_calls_close" file="conflowgen\tests\database_connection\test_database_chooser.py" line="18" time="0.002" /><testcase classname="conflowgen.tests.database_connection.test_database_chooser.TestDatabaseChooser" name="test_close_without_open" file="conflowgen\tests\database_connection\test_database_chooser.py" line="13" time="0.001" /><testcase classname="conflowgen.tests.database_connection.test_database_chooser.TestDatabaseChooser" name="test_create_new_sqlite_database" file="conflowgen\tests\database_connection\test_database_chooser.py" line="80" time="0.001" /><testcase classname="conflowgen.tests.database_connection.test_database_chooser.TestDatabaseChooser" name="test_create_new_sqlite_database_open" file="conflowgen\tests\database_connection\test_database_chooser.py" line="59" time="0.001" /><testcase classname="conflowgen.tests.database_connection.test_database_chooser.TestDatabaseChooser" name="test_existing_database_connection" file="conflowgen\tests\database_connection\test_database_chooser.py" line="26" time="0.001" /><testcase classname="conflowgen.tests.database_connection.test_database_chooser.TestDatabaseChooser" name="test_existing_database_connection_close_previous" file="conflowgen\tests\database_connection\test_database_chooser.py" line="37" time="0.002" /><testcase classname="conflowgen.tests.database_connection.test_database_chooser.TestDatabaseChooser" name="test_list_all_sqlite_database" file="conflowgen\tests\database_connection\test_database_chooser.py" line="97" time="0.001" /><testcase classname="conflowgen.tests.database_connection.test_sqlite_database_connection.TestSqliteDatabaseConnection" name="test_choose_database_creates_new" file="conflowgen\tests\database_connection\test_sqlite_database_connection.py" line="16" time="0.008" /><testcase classname="conflowgen.tests.database_connection.test_sqlite_database_connection.TestSqliteDatabaseConnection" name="test_choose_database_in_memory" file="conflowgen\tests\database_connection\test_sqlite_database_connection.py" line="113" time="0.007" /><testcase classname="conflowgen.tests.database_connection.test_sqlite_database_connection.TestSqliteDatabaseConnection" name="test_choose_database_logs_container_flow_properties" file="conflowgen\tests\database_connection\test_sqlite_database_connection.py" line="223" time="0.009" /><testcase classname="conflowgen.tests.database_connection.test_sqlite_database_connection.TestSqliteDatabaseConnection" name="test_choose_database_opens_existing_without_reset" file="conflowgen\tests\database_connection\test_sqlite_database_connection.py" line="188" time="0.007" /><testcase classname="conflowgen.tests.database_connection.test_sqlite_database_connection.TestSqliteDatabaseConnection" name="test_choose_database_raises_if_exists_and_create" file="conflowgen\tests\database_connection\test_sqlite_database_connection.py" line="54" time="0.001" /><testcase classname="conflowgen.tests.database_connection.test_sqlite_database_connection.TestSqliteDatabaseConnection" name="test_choose_database_raises_if_missing_and_not_create" file="conflowgen\tests\database_connection\test_sqlite_database_connection.py" line="65" time="0.001" /><testcase classname="conflowgen.tests.database_connection.test_sqlite_database_connection.TestSqliteDatabaseConnection" name="test_choose_database_resets_existing" file="conflowgen\tests\database_connection\test_sqlite_database_connection.py" line="75" time="0.007" /><testcase classname="conflowgen.tests.database_connection.test_sqlite_database_connection.TestSqliteDatabaseConnection" name="test_delete_existing_database" file="conflowgen\tests\database_connection\test_sqlite_database_connection.py" line="150" time="0.001" /><testcase classname="conflowgen.tests.database_connection.test_sqlite_database_connection.TestSqliteDatabaseConnection" name="test_delete_missing_database" file="conflowgen\tests\database_connection\test_sqlite_database_connection.py" line="157" time="0.001" /><testcase classname="conflowgen.tests.database_connection.test_sqlite_database_connection.TestSqliteDatabaseConnection" name="test_list_all_sqlite_databases_filters_only_sqlite" file="conflowgen\tests\database_connection\test_sqlite_database_connection.py" line="166" time="0.001" /><testcase classname="conflowgen.tests.database_connection.test_sqlite_database_connection.TestSqliteDatabaseConnection" name="test_sqlite_databases_directory_is_none" file="conflowgen\tests\database_connection\test_sqlite_database_connection.py" line="173" time="0.001" /><testcase classname="conflowgen.tests.database_connection.test_sqlite_database_connection.TestSqliteDatabaseConnection" name="test_sqlite_databases_directory_is_not_dir" file="conflowgen\tests\database_connection\test_sqlite_database_connection.py" line="179" time="0.001" /><testcase classname="conflowgen.tests.domain_models.distribution_model_seeder.test_container_dwell_time_distribution_seeder.TestContainerDwellTimeDistributionSeeder" name="test_seeding" file="conflowgen\tests\domain_models\distribution_model_seeder\test_container_dwell_time_distribution_seeder.py" line="26" time="0.072" /><testcase classname="conflowgen.tests.domain_models.distribution_model_seeder.test_container_length_distribution_seeder.TestContainerLengthDistributionSeeder" name="test_seeding" file="conflowgen\tests\domain_models\distribution_model_seeder\test_container_length_distribution_seeder.py" line="23" time="0.002" /><testcase classname="conflowgen.tests.domain_models.distribution_model_seeder.test_container_weight_distribution_seeder.TestContainerWeightDistributionSeeder" name="test_seeding" file="conflowgen\tests\domain_models\distribution_model_seeder\test_container_weight_distribution_seeder.py" line="23" time="0.010" /><testcase classname="conflowgen.tests.domain_models.distribution_model_seeder.test_mode_of_transport_distribution_seeder.TestModeOfTransportationDistributionSeeder" name="test_seeding" file="conflowgen\tests\domain_models\distribution_model_seeder\test_mode_of_transport_distribution_seeder.py" line="23" time="0.009" /><testcase classname="conflowgen.tests.domain_models.distribution_model_seeder.test_truck_arrival_distribution_seeder.TestTruckArrivalDistributionSeeder" name="test_seeding" file="conflowgen\tests\domain_models\distribution_model_seeder\test_truck_arrival_distribution_seeder.py" line="19" time="0.042" /><testcase classname="conflowgen.tests.domain_models.distribution_repositories.test_container_destination_distribution_repository.TestContainerDestinationDistributionRepository" name="test_empty_destinations" file="conflowgen\tests\domain_models\distribution_repositories\test_container_destination_distribution_repository.py" line="21" time="0.003" /><testcase classname="conflowgen.tests.domain_models.distribution_repositories.test_container_destination_distribution_repository.TestContainerDestinationDistributionRepository" name="test_save_and_load_correspond_for_single_entry" file="conflowgen\tests\domain_models\distribution_repositories\test_container_destination_distribution_repository.py" line="71" time="0.007" /><testcase classname="conflowgen.tests.domain_models.distribution_repositories.test_container_destination_distribution_repository.TestContainerDestinationDistributionRepository" name="test_save_and_load_correspond_for_two_entries" file="conflowgen\tests\domain_models\distribution_repositories\test_container_destination_distribution_repository.py" line="115" time="0.005" /><testcase classname="conflowgen.tests.domain_models.distribution_repositories.test_container_destination_distribution_repository.TestContainerDestinationDistributionRepository" name="test_set_distribution" file="conflowgen\tests\domain_models\distribution_repositories\test_container_destination_distribution_repository.py" line="25" time="0.003" /><testcase classname="conflowgen.tests.domain_models.distribution_repositories.test_container_destination_distribution_repository.TestContainerDestinationDistributionRepository" name="test_validator" file="conflowgen\tests\domain_models\distribution_repositories\test_container_destination_distribution_repository.py" line="174" time="0.002" /><testcase classname="conflowgen.tests.domain_models.distribution_repositories.test_container_dwell_time_distribution_repository.TestContainerDwellTimeDistributionRepository" name="test_get" file="conflowgen\tests\domain_models\distribution_repositories\test_container_dwell_time_distribution_repository.py" line="24" time="0.114" /><testcase classname="conflowgen.tests.domain_models.distribution_repositories.test_container_dwell_time_distribution_repository.TestContainerDwellTimeDistributionRepository" name="test_set_twice" file="conflowgen\tests\domain_models\distribution_repositories\test_container_dwell_time_distribution_repository.py" line="48" time="0.051" /><testcase classname="conflowgen.tests.domain_models.distribution_repositories.test_container_length_distribution_repository.TestContainerLengthDistributionRepository" name="test_container_lengths_in_distribution" file="conflowgen\tests\domain_models\distribution_repositories\test_container_length_distribution_repository.py" line="29" time="0.003" /><testcase classname="conflowgen.tests.domain_models.distribution_repositories.test_container_length_distribution_repository.TestContainerLengthDistributionRepository" name="test_distribution_sums_up_to_one_per_container_length" file="conflowgen\tests\domain_models\distribution_repositories\test_container_length_distribution_repository.py" line="35" time="0.002" /><testcase classname="conflowgen.tests.domain_models.distribution_repositories.test_container_length_distribution_repository.TestContainerLengthDistributionRepository" name="test_distribution_values_range_between_zero_to_one" file="conflowgen\tests\domain_models\distribution_repositories\test_container_length_distribution_repository.py" line="44" time="0.002" /><testcase classname="conflowgen.tests.domain_models.distribution_repositories.test_container_length_distribution_repository.TestContainerLengthDistributionRepository" name="test_get_teu_factor_all_forty_feet" file="conflowgen\tests\domain_models\distribution_repositories\test_container_length_distribution_repository.py" line="135" time="0.003" /><testcase classname="conflowgen.tests.domain_models.distribution_repositories.test_container_length_distribution_repository.TestContainerLengthDistributionRepository" name="test_get_teu_factor_all_forty_five_feet" file="conflowgen\tests\domain_models\distribution_repositories\test_container_length_distribution_repository.py" line="148" time="0.004" /><testcase classname="conflowgen.tests.domain_models.distribution_repositories.test_container_length_distribution_repository.TestContainerLengthDistributionRepository" name="test_get_teu_factor_all_twenty_feet" file="conflowgen\tests\domain_models\distribution_repositories\test_container_length_distribution_repository.py" line="111" time="0.004" /><testcase classname="conflowgen.tests.domain_models.distribution_repositories.test_container_length_distribution_repository.TestContainerLengthDistributionRepository" name="test_get_teu_factor_when_half_of_containers_are_forty_feet" file="conflowgen\tests\domain_models\distribution_repositories\test_container_length_distribution_repository.py" line="121" time="0.003" /><testcase classname="conflowgen.tests.domain_models.distribution_repositories.test_container_length_distribution_repository.TestContainerLengthDistributionRepository" name="test_happy_path" file="conflowgen\tests\domain_models\distribution_repositories\test_container_length_distribution_repository.py" line="51" time="0.003" /><testcase classname="conflowgen.tests.domain_models.distribution_repositories.test_container_length_distribution_repository.TestContainerLengthDistributionRepository" name="test_known_values_via_get_distribution" file="conflowgen\tests\domain_models\distribution_repositories\test_container_length_distribution_repository.py" line="21" time="0.003" /><testcase classname="conflowgen.tests.domain_models.distribution_repositories.test_container_length_distribution_repository.TestContainerLengthDistributionRepository" name="test_set_container_lengths_which_do_not_add_up_to_one" file="conflowgen\tests\domain_models\distribution_repositories\test_container_length_distribution_repository.py" line="100" time="0.002" /><testcase classname="conflowgen.tests.domain_models.distribution_repositories.test_container_length_distribution_repository.TestContainerLengthDistributionRepository" name="test_set_container_lengths_with_missing_lengths" file="conflowgen\tests\domain_models\distribution_repositories\test_container_length_distribution_repository.py" line="81" time="0.002" /><testcase classname="conflowgen.tests.domain_models.distribution_repositories.test_container_length_distribution_repository.TestContainerLengthDistributionRepository" name="test_set_container_lengths_with_wrong_proportions" file="conflowgen\tests\domain_models\distribution_repositories\test_container_length_distribution_repository.py" line="89" time="0.002" /><testcase classname="conflowgen.tests.domain_models.distribution_repositories.test_container_length_distribution_repository.TestContainerLengthDistributionRepository" name="test_set_twice" file="conflowgen\tests\domain_models\distribution_repositories\test_container_length_distribution_repository.py" line="62" time="0.004" /><testcase classname="conflowgen.tests.domain_models.distribution_repositories.test_container_weight_distribution_repository.TestContainerWeightDistributionRepository" name="test_distribution_weight_setter" file="conflowgen\tests\domain_models\distribution_repositories\test_container_weight_distribution_repository.py" line="43" time="0.008" /><testcase classname="conflowgen.tests.domain_models.distribution_repositories.test_container_weight_distribution_repository.TestContainerWeightDistributionRepository" name="test_seeded_distribution_sums_up_to_one_per_container_length" file="conflowgen\tests\domain_models\distribution_repositories\test_container_weight_distribution_repository.py" line="21" time="0.027" /><testcase classname="conflowgen.tests.domain_models.distribution_repositories.test_container_weight_distribution_repository.TestContainerWeightDistributionRepository" name="test_seeded_distribution_values_range_between_zero_to_one" file="conflowgen\tests\domain_models\distribution_repositories\test_container_weight_distribution_repository.py" line="33" time="0.028" /><testcase classname="conflowgen.tests.domain_models.distribution_repositories.test_mode_of_transportation_distribution_repository.TestModeOfTransportationDistributionRepository" name="test_distribution_loader" file="conflowgen\tests\domain_models\distribution_repositories\test_mode_of_transportation_distribution_repository.py" line="71" time="0.017" /><testcase classname="conflowgen.tests.domain_models.distribution_repositories.test_mode_of_transportation_distribution_repository.TestModeOfTransportationDistributionRepository" name="test_happy_path" file="conflowgen\tests\domain_models\distribution_repositories\test_mode_of_transportation_distribution_repository.py" line="82" time="0.018" /><testcase classname="conflowgen.tests.domain_models.distribution_repositories.test_mode_of_transportation_distribution_repository.TestModeOfTransportationDistributionRepository" name="test_set_twice" file="conflowgen\tests\domain_models\distribution_repositories\test_mode_of_transportation_distribution_repository.py" line="87" time="0.027" /><testcase classname="conflowgen.tests.domain_models.distribution_repositories.test_mode_of_transportation_distribution_repository.TestModeOfTransportationDistributionRepository" name="test_that_distribution_is_n_to_n" file="conflowgen\tests\domain_models\distribution_repositories\test_mode_of_transportation_distribution_repository.py" line="57" time="0.019" /><testcase classname="conflowgen.tests.domain_models.distribution_repositories.test_normalize_dependent_distribution.TestNormalizedDependentDistribution" name="test_mixed_case" file="conflowgen\tests\domain_models\distribution_repositories\test_normalize_dependent_distribution.py" line="45" time="0.001" /><testcase classname="conflowgen.tests.domain_models.distribution_repositories.test_normalize_dependent_distribution.TestNormalizedDependentDistribution" name="test_simple_case" file="conflowgen\tests\domain_models\distribution_repositories\test_normalize_dependent_distribution.py" line="7" time="0.001" /><testcase classname="conflowgen.tests.domain_models.distribution_repositories.test_normalize_distribution.TestNormalizedDependentDistribution" name="test_with_normalization" file="conflowgen\tests\domain_models\distribution_repositories\test_normalize_distribution.py" line="7" time="0.001" /><testcase classname="conflowgen.tests.domain_models.distribution_repositories.test_normalize_distribution.TestNormalizedDependentDistribution" name="test_without_normalization" file="conflowgen\tests\domain_models\distribution_repositories\test_normalize_distribution.py" line="29" time="0.001" /><testcase classname="conflowgen.tests.domain_models.distribution_repositories.test_storage_requirement_distribution_repository.TestStorageRequirementDistributionRepository" name="test_set" file="conflowgen\tests\domain_models\distribution_repositories\test_storage_requirement_distribution_repository.py" line="33" time="0.017" /><testcase classname="conflowgen.tests.domain_models.distribution_repositories.test_storage_requirement_distribution_repository.TestStorageRequirementDistributionRepository" name="test_validity" file="conflowgen\tests\domain_models\distribution_repositories\test_storage_requirement_distribution_repository.py" line="21" time="0.011" /><testcase classname="conflowgen.tests.domain_models.distribution_repositories.test_truck_arrival_distribution_repository.TestTruckArrivalDistributionRepository" name="test_get" file="conflowgen\tests\domain_models\distribution_repositories\test_truck_arrival_distribution_repository.py" line="528" time="0.043" /><testcase classname="conflowgen.tests.domain_models.distribution_repositories.test_truck_arrival_distribution_repository.TestTruckArrivalDistributionRepository" name="test_happy_path" file="conflowgen\tests\domain_models\distribution_repositories\test_truck_arrival_distribution_repository.py" line="537" time="0.083" /><testcase classname="conflowgen.tests.domain_models.distribution_repositories.test_truck_arrival_distribution_repository.TestTruckArrivalDistributionRepository" name="test_happy_path_with_half_hourly_data" file="conflowgen\tests\domain_models\distribution_repositories\test_truck_arrival_distribution_repository.py" line="546" time="0.128" /><testcase classname="conflowgen.tests.domain_models.distribution_repositories.test_truck_arrival_distribution_repository.TestTruckArrivalDistributionRepository" name="test_set_twice" file="conflowgen\tests\domain_models\distribution_repositories\test_truck_arrival_distribution_repository.py" line="555" time="0.130" /><testcase classname="conflowgen.tests.domain_models.factories.test_container_factory__create_for_large_scheduled_vehicle.TestContainerFactory" name="test_create_containers_for_feeder_vessel" file="conflowgen\tests\domain_models\factories\test_container_factory__create_for_large_scheduled_vehicle.py" line="64" time="0.071" /><testcase classname="conflowgen.tests.domain_models.factories.test_container_factory__create_for_large_scheduled_vehicle.TestContainerFactory" name="test_create_containers_for_single_deep_sea_vessel_during_ramp_down_period" file="conflowgen\tests\domain_models\factories\test_container_factory__create_for_large_scheduled_vehicle.py" line="118" time="0.190" /><testcase classname="conflowgen.tests.domain_models.factories.test_container_factory__create_for_large_scheduled_vehicle.TestContainerFactory" name="test_create_containers_for_single_deep_sea_vessel_during_ramp_up_period" file="conflowgen\tests\domain_models\factories\test_container_factory__create_for_large_scheduled_vehicle.py" line="85" time="0.768" /><testcase classname="conflowgen.tests.domain_models.factories.test_container_factory__create_for_truck.TestContainerFactory" name="test_create_containers_for_truck" file="conflowgen\tests\domain_models\factories\test_container_factory__create_for_truck.py" line="70" time="0.129" /><testcase classname="conflowgen.tests.domain_models.factories.test_fleet_factory__create_arrivals_within_timerange.TestVehicleFactory__create_arrivals_within_time_range" name="test_create_time_range_fixed_vehicle_arrival_after_range" file="conflowgen\tests\domain_models\factories\test_fleet_factory__create_arrivals_within_timerange.py" line="38" time="0.001" /><testcase classname="conflowgen.tests.domain_models.factories.test_fleet_factory__create_arrivals_within_timerange.TestVehicleFactory__create_arrivals_within_time_range" name="test_create_time_range_fixed_vehicle_arrival_before_range" file="conflowgen\tests\domain_models\factories\test_fleet_factory__create_arrivals_within_timerange.py" line="25" time="0.001" /><testcase classname="conflowgen.tests.domain_models.factories.test_fleet_factory__create_arrivals_within_timerange.TestVehicleFactory__create_arrivals_within_time_range" name="test_create_time_range_happy_path" file="conflowgen\tests\domain_models\factories\test_fleet_factory__create_arrivals_within_timerange.py" line="12" time="0.001" /><testcase classname="conflowgen.tests.domain_models.factories.test_fleet_factory__create_arrivals_within_timerange.TestVehicleFactory__create_arrivals_within_time_range" name="test_create_time_range_with_five_day_interval" file="conflowgen\tests\domain_models\factories\test_fleet_factory__create_arrivals_within_timerange.py" line="64" time="0.001" /><testcase classname="conflowgen.tests.domain_models.factories.test_fleet_factory__create_arrivals_within_timerange.TestVehicleFactory__create_arrivals_within_time_range" name="test_create_time_range_with_single_vehicle" file="conflowgen\tests\domain_models\factories\test_fleet_factory__create_arrivals_within_timerange.py" line="78" time="0.001" /><testcase classname="conflowgen.tests.domain_models.factories.test_fleet_factory__create_arrivals_within_timerange.TestVehicleFactory__create_arrivals_within_time_range" name="test_create_time_range_with_single_vehicle_out_of_time_range" file="conflowgen\tests\domain_models\factories\test_fleet_factory__create_arrivals_within_timerange.py" line="89" time="0.001" /><testcase classname="conflowgen.tests.domain_models.factories.test_fleet_factory__create_arrivals_within_timerange.TestVehicleFactory__create_arrivals_within_time_range" name="test_create_time_range_with_ten_day_interval" file="conflowgen\tests\domain_models\factories\test_fleet_factory__create_arrivals_within_timerange.py" line="51" time="0.001" /><testcase classname="conflowgen.tests.domain_models.factories.test_fleet_factory__create_feeder_fleet.TestVehicleFactory__create_feeder" name="test_create_feeder_fleet" file="conflowgen\tests\domain_models\factories\test_fleet_factory__create_feeder_fleet.py" line="21" time="0.005" /><testcase classname="conflowgen.tests.domain_models.factories.test_schedule_factory.TestScheduleFactory" name="test_add_schedule" file="conflowgen\tests\domain_models\factories\test_schedule_factory.py" line="22" time="0.007" /><testcase classname="conflowgen.tests.domain_models.factories.test_schedule_factory.TestScheduleFactory" name="test_get_schedule" file="conflowgen\tests\domain_models\factories\test_schedule_factory.py" line="76" time="0.009" /><testcase classname="conflowgen.tests.domain_models.factories.test_schedule_factory.TestScheduleFactory" name="test_repeated_add_schedule" file="conflowgen\tests\domain_models\factories\test_schedule_factory.py" line="48" time="0.010" /><testcase classname="conflowgen.tests.domain_models.factories.test_vehicle_factory__create_barge.TestVehicleFactory__create_barge" name="test_create_normal_barge" file="conflowgen\tests\domain_models\factories\test_vehicle_factory__create_barge.py" line="21" time="0.006" /><testcase classname="conflowgen.tests.domain_models.factories.test_vehicle_factory__create_barge.TestVehicleFactory__create_barge" name="test_create_unrealistic_barge" file="conflowgen\tests\domain_models\factories\test_vehicle_factory__create_barge.py" line="36" time="0.003" /><testcase classname="conflowgen.tests.domain_models.factories.test_vehicle_factory__create_deep_sea_vessel.TestVehicleFactory__create_deep_sea_vessel" name="test_create_normal_deep_sea_vessel" file="conflowgen\tests\domain_models\factories\test_vehicle_factory__create_deep_sea_vessel.py" line="21" time="0.005" /><testcase classname="conflowgen.tests.domain_models.factories.test_vehicle_factory__create_deep_sea_vessel.TestVehicleFactory__create_deep_sea_vessel" name="test_create_unrealistic_deep_sea_vessel" file="conflowgen\tests\domain_models\factories\test_vehicle_factory__create_deep_sea_vessel.py" line="36" time="0.005" /><testcase classname="conflowgen.tests.domain_models.factories.test_vehicle_factory__create_feeder.TestVehicleFactory__create_feeder" name="test_create_normal_feeder" file="conflowgen\tests\domain_models\factories\test_vehicle_factory__create_feeder.py" line="21" time="0.006" /><testcase classname="conflowgen.tests.domain_models.factories.test_vehicle_factory__create_feeder.TestVehicleFactory__create_feeder" name="test_create_unrealistic_feeder" file="conflowgen\tests\domain_models\factories\test_vehicle_factory__create_feeder.py" line="36" time="0.005" /><testcase classname="conflowgen.tests.domain_models.factories.test_vehicle_factory__create_train.TestVehicleFactory__create_train" name="test_create_normal_train" file="conflowgen\tests\domain_models\factories\test_vehicle_factory__create_train.py" line="21" time="0.006" /><testcase classname="conflowgen.tests.domain_models.factories.test_vehicle_factory__create_train.TestVehicleFactory__create_train" name="test_create_unrealistic_train" file="conflowgen\tests\domain_models\factories\test_vehicle_factory__create_train.py" line="36" time="0.003" /><testcase classname="conflowgen.tests.domain_models.factories.test_vehicle_factory__create_truck.TestVehicleFactory__create_truck" name="test_create_truck_delivering_a_container" file="conflowgen\tests\domain_models\factories\test_vehicle_factory__create_truck.py" line="46" time="0.002" /><testcase classname="conflowgen.tests.domain_models.factories.test_vehicle_factory__create_truck.TestVehicleFactory__create_truck" name="test_create_truck_delivering_a_container_without_arrival_time_information" file="conflowgen\tests\domain_models\factories\test_vehicle_factory__create_truck.py" line="39" time="0.002" /><testcase classname="conflowgen.tests.domain_models.factories.test_vehicle_factory__create_truck.TestVehicleFactory__create_truck" name="test_create_truck_doing_nothing" file="conflowgen\tests\domain_models\factories\test_vehicle_factory__create_truck.py" line="55" time="0.003" /><testcase classname="conflowgen.tests.domain_models.factories.test_vehicle_factory__create_truck.TestVehicleFactory__create_truck" name="test_create_truck_picking_up_a_container" file="conflowgen\tests\domain_models\factories\test_vehicle_factory__create_truck.py" line="30" time="0.002" /><testcase classname="conflowgen.tests.domain_models.factories.test_vehicle_factory__create_truck.TestVehicleFactory__create_truck" name="test_create_truck_picking_up_a_container_without_arrival_time_information" file="conflowgen\tests\domain_models\factories\test_vehicle_factory__create_truck.py" line="23" time="0.003" /><testcase classname="conflowgen.tests.domain_models.field_types.test_mode_of_transportation.TestModeOfTransportation" name="test_conversion_to_application_value" file="conflowgen\tests\domain_models\field_types\test_mode_of_transportation.py" line="22" time="0.002" /><testcase classname="conflowgen.tests.domain_models.field_types.test_mode_of_transportation.TestModeOfTransportation" name="test_conversion_to_database_value" file="conflowgen\tests\domain_models\field_types\test_mode_of_transportation.py" line="15" time="0.001" /><testcase classname="conflowgen.tests.domain_models.reposistories.test_schedule_repository.TestScheduleRepository" name="test_check_used_20_foot_containers" file="conflowgen\tests\domain_models\reposistories\test_schedule_repository.py" line="169" time="0.011" /><testcase classname="conflowgen.tests.domain_models.reposistories.test_schedule_repository.TestScheduleRepository" name="test_check_used_40_foot_containers" file="conflowgen\tests\domain_models\reposistories\test_schedule_repository.py" line="211" time="0.013" /><testcase classname="conflowgen.tests.domain_models.reposistories.test_schedule_repository.TestScheduleRepository" name="test_empty_schedule_database_throws_no_exception" file="conflowgen\tests\domain_models\reposistories\test_schedule_repository.py" line="34" time="0.009" /><testcase classname="conflowgen.tests.domain_models.reposistories.test_schedule_repository.TestScheduleRepository" name="test_export_buffer_above_capacity" file="conflowgen\tests\domain_models\reposistories\test_schedule_repository.py" line="108" time="0.011" /><testcase classname="conflowgen.tests.domain_models.reposistories.test_schedule_repository.TestScheduleRepository" name="test_export_buffer_below_capacity" file="conflowgen\tests\domain_models\reposistories\test_schedule_repository.py" line="76" time="0.010" /><testcase classname="conflowgen.tests.domain_models.reposistories.test_schedule_repository.TestScheduleRepository" name="test_find_vehicle_if_in_time_range" file="conflowgen\tests\domain_models\reposistories\test_schedule_repository.py" line="45" time="0.010" /><testcase classname="conflowgen.tests.domain_models.reposistories.test_schedule_repository.TestScheduleRepository" name="test_ignore_vehicle_outside_time_range" file="conflowgen\tests\domain_models\reposistories\test_schedule_repository.py" line="141" time="0.008" /><testcase classname="conflowgen.tests.domain_models.reposistories.test_schedule_repository.TestScheduleRepository" name="test_set_ramp_up_and_down_period" file="conflowgen\tests\domain_models\reposistories\test_schedule_repository.py" line="297" time="0.005" /><testcase classname="conflowgen.tests.domain_models.reposistories.test_schedule_repository.TestScheduleRepository" name="test_use_vehicle_capacity_manager" file="conflowgen\tests\domain_models\reposistories\test_schedule_repository.py" line="252" time="0.006" /><testcase classname="conflowgen.tests.domain_models.test_container.TestContainer" name="test_container_repr" file="conflowgen\tests\domain_models\test_container.py" line="92" time="0.004" /><testcase classname="conflowgen.tests.domain_models.test_container.TestContainer" name="test_faulty_data_exception" file="conflowgen\tests\domain_models\test_container.py" line="108" time="0.004" /><testcase classname="conflowgen.tests.domain_models.test_container.TestContainer" name="test_flow_direction_00" file="conflowgen\tests\domain_models\test_container.py" line="174" time="0.003" /><testcase classname="conflowgen.tests.domain_models.test_container.TestContainer" name="test_flow_direction_01" file="conflowgen\tests\domain_models\test_container.py" line="174" time="0.004" /><testcase classname="conflowgen.tests.domain_models.test_container.TestContainer" name="test_flow_direction_02" file="conflowgen\tests\domain_models\test_container.py" line="174" time="0.005" /><testcase classname="conflowgen.tests.domain_models.test_container.TestContainer" name="test_flow_direction_03" file="conflowgen\tests\domain_models\test_container.py" line="174" time="0.004" /><testcase classname="conflowgen.tests.domain_models.test_container.TestContainer" name="test_flow_direction_04" file="conflowgen\tests\domain_models\test_container.py" line="174" time="0.003" /><testcase classname="conflowgen.tests.domain_models.test_container.TestContainer" name="test_flow_direction_05" file="conflowgen\tests\domain_models\test_container.py" line="174" time="0.004" /><testcase classname="conflowgen.tests.domain_models.test_container.TestContainer" name="test_flow_direction_06" file="conflowgen\tests\domain_models\test_container.py" line="174" time="0.003" /><testcase classname="conflowgen.tests.domain_models.test_container.TestContainer" name="test_flow_direction_07" file="conflowgen\tests\domain_models\test_container.py" line="174" time="0.003" /><testcase classname="conflowgen.tests.domain_models.test_container.TestContainer" name="test_flow_direction_08" file="conflowgen\tests\domain_models\test_container.py" line="174" time="0.003" /><testcase classname="conflowgen.tests.domain_models.test_container.TestContainer" name="test_flow_direction_09" file="conflowgen\tests\domain_models\test_container.py" line="174" time="0.003" /><testcase classname="conflowgen.tests.domain_models.test_container.TestContainer" name="test_flow_direction_10" file="conflowgen\tests\domain_models\test_container.py" line="174" time="0.003" /><testcase classname="conflowgen.tests.domain_models.test_container.TestContainer" name="test_flow_direction_11" file="conflowgen\tests\domain_models\test_container.py" line="174" time="0.004" /><testcase classname="conflowgen.tests.domain_models.test_container.TestContainer" name="test_flow_direction_12" file="conflowgen\tests\domain_models\test_container.py" line="174" time="0.003" /><testcase classname="conflowgen.tests.domain_models.test_container.TestContainer" name="test_flow_direction_13" file="conflowgen\tests\domain_models\test_container.py" line="174" time="0.003" /><testcase classname="conflowgen.tests.domain_models.test_container.TestContainer" name="test_flow_direction_14" file="conflowgen\tests\domain_models\test_container.py" line="174" time="0.003" /><testcase classname="conflowgen.tests.domain_models.test_container.TestContainer" name="test_flow_direction_15" file="conflowgen\tests\domain_models\test_container.py" line="174" time="0.003" /><testcase classname="conflowgen.tests.domain_models.test_container.TestContainer" name="test_flow_direction_16" file="conflowgen\tests\domain_models\test_container.py" line="174" time="0.003" /><testcase classname="conflowgen.tests.domain_models.test_container.TestContainer" name="test_flow_direction_17" file="conflowgen\tests\domain_models\test_container.py" line="174" time="0.003" /><testcase classname="conflowgen.tests.domain_models.test_container.TestContainer" name="test_flow_direction_18" file="conflowgen\tests\domain_models\test_container.py" line="174" time="0.003" /><testcase classname="conflowgen.tests.domain_models.test_container.TestContainer" name="test_flow_direction_19" file="conflowgen\tests\domain_models\test_container.py" line="174" time="0.004" /><testcase classname="conflowgen.tests.domain_models.test_container.TestContainer" name="test_flow_direction_20" file="conflowgen\tests\domain_models\test_container.py" line="174" time="0.003" /><testcase classname="conflowgen.tests.domain_models.test_container.TestContainer" name="test_flow_direction_21" file="conflowgen\tests\domain_models\test_container.py" line="174" time="0.003" /><testcase classname="conflowgen.tests.domain_models.test_container.TestContainer" name="test_flow_direction_22" file="conflowgen\tests\domain_models\test_container.py" line="174" time="0.004" /><testcase classname="conflowgen.tests.domain_models.test_container.TestContainer" name="test_flow_direction_23" file="conflowgen\tests\domain_models\test_container.py" line="174" time="0.003" /><testcase classname="conflowgen.tests.domain_models.test_container.TestContainer" name="test_flow_direction_24" file="conflowgen\tests\domain_models\test_container.py" line="174" time="0.003" /><testcase classname="conflowgen.tests.domain_models.test_container.TestContainer" name="test_missing_delivered" file="conflowgen\tests\domain_models\test_container.py" line="48" time="0.003" /><testcase classname="conflowgen.tests.domain_models.test_container.TestContainer" name="test_missing_length" file="conflowgen\tests\domain_models\test_container.py" line="70" time="0.003" /><testcase classname="conflowgen.tests.domain_models.test_container.TestContainer" name="test_missing_picked_up" file="conflowgen\tests\domain_models\test_container.py" line="59" time="0.003" /><testcase classname="conflowgen.tests.domain_models.test_container.TestContainer" name="test_missing_storage_requirement" file="conflowgen\tests\domain_models\test_container.py" line="81" time="0.003" /><testcase classname="conflowgen.tests.domain_models.test_container.TestContainer" name="test_no_pickup_vehicle_exception" file="conflowgen\tests\domain_models\test_container.py" line="132" time="0.003" /><testcase classname="conflowgen.tests.domain_models.test_container.TestContainer" name="test_occupied_teu_0" file="conflowgen\tests\domain_models\test_container.py" line="156" time="0.003" /><testcase classname="conflowgen.tests.domain_models.test_container.TestContainer" name="test_occupied_teu_1" file="conflowgen\tests\domain_models\test_container.py" line="156" time="0.004" /><testcase classname="conflowgen.tests.domain_models.test_container.TestContainer" name="test_occupied_teu_2" file="conflowgen\tests\domain_models\test_container.py" line="156" time="0.003" /><testcase classname="conflowgen.tests.domain_models.test_container.TestContainer" name="test_occupied_teu_3" file="conflowgen\tests\domain_models\test_container.py" line="156" time="0.003" /><testcase classname="conflowgen.tests.domain_models.test_container.TestContainer" name="test_save_to_database" file="conflowgen\tests\domain_models\test_container.py" line="36" time="0.003" /><testcase classname="conflowgen.tests.domain_models.test_distribution_validators.TestDistributionValidatorWithOneDependentVariable" name="test_distribution_with_ints_on_second_level" file="conflowgen\tests\domain_models\test_distribution_validators.py" line="178" time="0.001" /><testcase classname="conflowgen.tests.domain_models.test_distribution_validators.TestDistributionValidatorWithOneDependentVariable" name="test_element_is_invalid" file="conflowgen\tests\domain_models\test_distribution_validators.py" line="97" time="0.001" /><testcase classname="conflowgen.tests.domain_models.test_distribution_validators.TestDistributionValidatorWithOneDependentVariable" name="test_missing_element_on_second_level" file="conflowgen\tests\domain_models\test_distribution_validators.py" line="39" time="0.001" /><testcase classname="conflowgen.tests.domain_models.test_distribution_validators.TestDistributionValidatorWithOneDependentVariable" name="test_one_frequency_is_out_of_range_because_it_is_larger_than_one" file="conflowgen\tests\domain_models\test_distribution_validators.py" line="121" time="0.001" /><testcase classname="conflowgen.tests.domain_models.test_distribution_validators.TestDistributionValidatorWithOneDependentVariable" name="test_one_frequency_is_out_of_range_because_it_is_negative" file="conflowgen\tests\domain_models\test_distribution_validators.py" line="68" time="0.001" /><testcase classname="conflowgen.tests.domain_models.test_distribution_validators.TestDistributionValidatorWithOneDependentVariable" name="test_sum_of_frequencies_is_unequal_one" file="conflowgen\tests\domain_models\test_distribution_validators.py" line="150" time="0.001" /><testcase classname="conflowgen.tests.domain_models.test_distribution_validators.TestDistributionValidatorWithOneDependentVariable" name="test_validating_completely_empty_distribution_raises_exception" file="conflowgen\tests\domain_models\test_distribution_validators.py" line="11" time="0.001" /><testcase classname="conflowgen.tests.domain_models.test_distribution_validators.TestDistributionValidatorWithOneDependentVariable" name="test_validating_empty_distribution_for_one_dependent_variable_raises_exception" file="conflowgen\tests\domain_models\test_distribution_validators.py" line="19" time="0.001" /><testcase classname="conflowgen.tests.domain_models.test_distribution_validators.TestDistributionValidatorWithNoDependentVariables" name="test_auto_cast" file="conflowgen\tests\domain_models\test_distribution_validators.py" line="295" time="0.001" /><testcase classname="conflowgen.tests.domain_models.test_distribution_validators.TestDistributionValidatorWithNoDependentVariables" name="test_distribution_with_ints" file="conflowgen\tests\domain_models\test_distribution_validators.py" line="313" time="0.001" /><testcase classname="conflowgen.tests.domain_models.test_distribution_validators.TestDistributionValidatorWithNoDependentVariables" name="test_missing_element" file="conflowgen\tests\domain_models\test_distribution_validators.py" line="219" time="0.001" /><testcase classname="conflowgen.tests.domain_models.test_distribution_validators.TestDistributionValidatorWithNoDependentVariables" name="test_one_frequency_is_out_of_range_because_it_is_larger_than_one" file="conflowgen\tests\domain_models\test_distribution_validators.py" line="259" time="0.001" /><testcase classname="conflowgen.tests.domain_models.test_distribution_validators.TestDistributionValidatorWithNoDependentVariables" name="test_one_frequency_is_out_of_range_because_it_is_negative" file="conflowgen\tests\domain_models\test_distribution_validators.py" line="239" time="0.001" /><testcase classname="conflowgen.tests.domain_models.test_distribution_validators.TestDistributionValidatorWithNoDependentVariables" name="test_sum_of_frequencies_is_unequal_one" file="conflowgen\tests\domain_models\test_distribution_validators.py" line="277" time="0.001" /><testcase classname="conflowgen.tests.domain_models.test_distribution_validators.TestDistributionValidatorWithNoDependentVariables" name="test_validating_completely_empty_distribution_raises_exception" file="conflowgen\tests\domain_models\test_distribution_validators.py" line="213" time="0.001" /><testcase classname="conflowgen.tests.domain_models.test_vehicle.TestTruck" name="test_repr" file="conflowgen\tests\domain_models\test_vehicle.py" line="46" time="0.002" /><testcase classname="conflowgen.tests.domain_models.test_vehicle.TestTruck" name="test_save_truck_delivering_a_container_to_database" file="conflowgen\tests\domain_models\test_vehicle.py" line="26" time="0.002" /><testcase classname="conflowgen.tests.domain_models.test_vehicle.TestTruck" name="test_save_truck_picking_up_a_container_to_database" file="conflowgen\tests\domain_models\test_vehicle.py" line="33" time="0.002" /><testcase classname="conflowgen.tests.domain_models.test_vehicle.TestFeeder" name="test_repr" file="conflowgen\tests\domain_models\test_vehicle.py" line="89" time="0.002" /><testcase classname="conflowgen.tests.domain_models.test_vehicle.TestFeeder" name="test_save_feeder_to_database" file="conflowgen\tests\domain_models\test_vehicle.py" line="68" time="0.002" /><testcase classname="conflowgen.tests.domain_models.test_vehicle.TestBarge" name="test_get_mode_of_transport" file="conflowgen\tests\domain_models\test_vehicle.py" line="172" time="0.002" /><testcase classname="conflowgen.tests.domain_models.test_vehicle.TestBarge" name="test_repr" file="conflowgen\tests\domain_models\test_vehicle.py" line="147" time="0.002" /><testcase classname="conflowgen.tests.domain_models.test_vehicle.TestBarge" name="test_save_barge_to_database" file="conflowgen\tests\domain_models\test_vehicle.py" line="126" time="0.003" /><testcase classname="conflowgen.tests.flow_generator.test_allocate_space_for_containers_delivered_by_truck_service.TestAllocateSpaceForContainersDeliveredByTruckService" name="test_does_nothing_if_no_vehicle_is_available" file="conflowgen\tests\flow_generator\test_allocate_space_for_containers_delivered_by_truck_service.py" line="149" time="0.074" /><testcase classname="conflowgen.tests.flow_generator.test_allocate_space_for_containers_delivered_by_truck_service.TestAllocateSpaceForContainersDeliveredByTruckService" name="test_happy_path" file="conflowgen\tests\flow_generator\test_allocate_space_for_containers_delivered_by_truck_service.py" line="158" time="0.082" /><testcase classname="conflowgen.tests.flow_generator.test_assign_destination_to_container_service.TestAssignDestinationToContainerService" name="test_load_container_from_truck_onto_feeder" file="conflowgen\tests\flow_generator\test_assign_destination_to_container_service.py" line="132" time="0.014" /><testcase classname="conflowgen.tests.flow_generator.test_assign_destination_to_container_service.TestAssignDestinationToContainerService" name="test_no_exception_for_empty_database" file="conflowgen\tests\flow_generator\test_assign_destination_to_container_service.py" line="129" time="0.006" /><testcase classname="conflowgen.tests.flow_generator.test_assign_destination_to_container_service.TestAssignDestinationToContainerService" name="test_wrong_direction" file="conflowgen\tests\flow_generator\test_assign_destination_to_container_service.py" line="166" time="0.016" /><testcase classname="conflowgen.tests.flow_generator.test_container_flow_generator_service__container_flow_data_exists.TestContainerFlowGeneratorService__generate" name="test_container_flow_data_exists_with_no_data" file="conflowgen\tests\flow_generator\test_container_flow_generator_service__container_flow_data_exists.py" line="32" time="0.039" /><testcase classname="conflowgen.tests.flow_generator.test_container_flow_generator_service__container_flow_data_exists.TestContainerFlowGeneratorService__generate" name="test_container_flow_data_exists_with_some_data" file="conflowgen\tests\flow_generator\test_container_flow_generator_service__container_flow_data_exists.py" line="36" time="0.045" /><testcase classname="conflowgen.tests.flow_generator.test_container_flow_generator_service__generate.TestContainerFlowGeneratorService__generate" name="test_happy_path_no_mocking" file="conflowgen\tests\flow_generator\test_container_flow_generator_service__generate.py" line="48" time="2.228" /><testcase classname="conflowgen.tests.flow_generator.test_container_flow_generator_service__generate.TestContainerFlowGeneratorService__generate" name="test_happy_path_no_mocking_with_ramp_up_and_ramp_down" file="conflowgen\tests\flow_generator\test_container_flow_generator_service__generate.py" line="77" time="1.545" /><testcase classname="conflowgen.tests.flow_generator.test_container_flow_generator_service__generate.TestContainerFlowGeneratorService__generate" name="test_nothing_to_do" file="conflowgen\tests\flow_generator\test_container_flow_generator_service__generate.py" line="72" time="0.533" /><testcase classname="conflowgen.tests.flow_generator.test_distribution_approximator.TestDistributionApproximator" name="test_exception" file="conflowgen\tests\flow_generator\test_distribution_approximator.py" line="35" time="0.002" /><testcase classname="conflowgen.tests.flow_generator.test_distribution_approximator.TestDistributionApproximator" name="test_from_random_distribution_complex_case" file="conflowgen\tests\flow_generator\test_distribution_approximator.py" line="80" time="0.002" /><testcase classname="conflowgen.tests.flow_generator.test_distribution_approximator.TestDistributionApproximator" name="test_from_random_distribution_simple_case" file="conflowgen\tests\flow_generator\test_distribution_approximator.py" line="62" time="0.003" /><testcase classname="conflowgen.tests.flow_generator.test_distribution_approximator.TestDistributionApproximator" name="test_happy_path" file="conflowgen\tests\flow_generator\test_distribution_approximator.py" line="21" time="0.002" /><testcase classname="conflowgen.tests.flow_generator.test_distribution_approximator.TestDistributionApproximator" name="test_slightly_more_complex" file="conflowgen\tests\flow_generator\test_distribution_approximator.py" line="44" time="0.002" /><testcase classname="conflowgen.tests.flow_generator.test_export_container_flow_service__container.TestExportContainerFlowService__Container" name="test_convert_empty_table_to_pandas_dataframe" file="conflowgen\tests\flow_generator\test_export_container_flow_service__container.py" line="19" time="0.006" /><testcase classname="conflowgen.tests.flow_generator.test_export_container_flow_service__container.TestExportContainerFlowService__Container" name="test_convert_table_to_pandas_dataframe_with_container_with_destination" file="conflowgen\tests\flow_generator\test_export_container_flow_service__container.py" line="99" time="0.009" /><testcase classname="conflowgen.tests.flow_generator.test_export_container_flow_service__container.TestExportContainerFlowService__Container" name="test_convert_table_to_pandas_dataframe_with_container_without_destination" file="conflowgen\tests\flow_generator\test_export_container_flow_service__container.py" line="29" time="0.007" /><testcase classname="conflowgen.tests.flow_generator.test_large_scheduled_vehicle_for_onward_transportation_manager.TestLargeScheduledVehicleForExportContainersManager" name="test_behavior_during_ramp_up_period" file="conflowgen\tests\flow_generator\test_large_scheduled_vehicle_for_onward_transportation_manager.py" line="316" time="0.511" /><testcase classname="conflowgen.tests.flow_generator.test_large_scheduled_vehicle_for_onward_transportation_manager.TestLargeScheduledVehicleForExportContainersManager" name="test_do_not_load_if_the_time_span_is_too_long" file="conflowgen\tests\flow_generator\test_large_scheduled_vehicle_for_onward_transportation_manager.py" line="217" time="0.373" /><testcase classname="conflowgen.tests.flow_generator.test_large_scheduled_vehicle_for_onward_transportation_manager.TestLargeScheduledVehicleForExportContainersManager" name="test_do_not_overload_feeder_with_train_traffic" file="conflowgen\tests\flow_generator\test_large_scheduled_vehicle_for_onward_transportation_manager.py" line="189" time="0.960" /><testcase classname="conflowgen.tests.flow_generator.test_large_scheduled_vehicle_for_onward_transportation_manager.TestLargeScheduledVehicleForExportContainersManager" name="test_do_not_overload_feeder_with_train_traffic_of_two_vehicles" file="conflowgen\tests\flow_generator\test_large_scheduled_vehicle_for_onward_transportation_manager.py" line="239" time="1.740" /><testcase classname="conflowgen.tests.flow_generator.test_large_scheduled_vehicle_for_onward_transportation_manager.TestLargeScheduledVehicleForExportContainersManager" name="test_do_not_overload_feeder_with_train_traffic_of_two_vehicles_and_changing_container_lengths" file="conflowgen\tests\flow_generator\test_large_scheduled_vehicle_for_onward_transportation_manager.py" line="273" time="1.897" /><testcase classname="conflowgen.tests.flow_generator.test_large_scheduled_vehicle_for_onward_transportation_manager.TestLargeScheduledVehicleForExportContainersManager" name="test_do_not_overload_feeder_with_truck_traffic" file="conflowgen\tests\flow_generator\test_large_scheduled_vehicle_for_onward_transportation_manager.py" line="166" time="0.462" /><testcase classname="conflowgen.tests.flow_generator.test_large_scheduled_vehicle_for_onward_transportation_manager.TestLargeScheduledVehicleForExportContainersManager" name="test_load_container_from_feeder_to_feeder" file="conflowgen\tests\flow_generator\test_large_scheduled_vehicle_for_onward_transportation_manager.py" line="151" time="0.462" /><testcase classname="conflowgen.tests.flow_generator.test_large_scheduled_vehicle_for_onward_transportation_manager.TestLargeScheduledVehicleForExportContainersManager" name="test_no_exception_for_empty_database" file="conflowgen\tests\flow_generator\test_large_scheduled_vehicle_for_onward_transportation_manager.py" line="148" time="0.450" /><testcase classname="conflowgen.tests.flow_generator.test_large_scheduled_vehicle_for_onward_transportation_manager.TestLargeScheduledVehicleForExportContainersManager" name="test_nothing_to_do" file="conflowgen\tests\flow_generator\test_large_scheduled_vehicle_for_onward_transportation_manager.py" line="310" time="0.450" /><testcase classname="conflowgen.tests.flow_generator.test_large_scheduled_vehicle_for_onward_transportation_manager.TestLargeScheduledVehicleForExportContainersManager" name="test_outbound_flow_unaffected_during_ramp_down_period" file="conflowgen\tests\flow_generator\test_large_scheduled_vehicle_for_onward_transportation_manager.py" line="357" time="1.218" /><testcase classname="conflowgen.tests.flow_generator.test_large_scheduled_vehicle_for_onward_transportation_manager.TestLargeScheduledVehicleForExportContainersManager" name="test_ramp_down_period_only_10_percent_unloaded" file="conflowgen\tests\flow_generator\test_large_scheduled_vehicle_for_onward_transportation_manager.py" line="405" time="1.553" /><testcase classname="conflowgen.tests.flow_generator.test_truck_for_export_containers_manager.TestTruckForExportContainersManager" name="test_delivery_time_average" file="conflowgen\tests\flow_generator\test_truck_for_export_containers_manager.py" line="370" time="0.943" /><testcase classname="conflowgen.tests.flow_generator.test_truck_for_export_containers_manager.TestTruckForExportContainersManager" name="test_delivery_time_in_required_time_range_weekday" file="conflowgen\tests\flow_generator\test_truck_for_export_containers_manager.py" line="104" time="3.633" /><testcase classname="conflowgen.tests.flow_generator.test_truck_for_export_containers_manager.TestTruckForExportContainersManager" name="test_delivery_time_in_required_time_range_with_sunday" file="conflowgen\tests\flow_generator\test_truck_for_export_containers_manager.py" line="140" time="2.754" /><testcase classname="conflowgen.tests.flow_generator.test_truck_for_export_containers_manager.TestTruckForExportContainersManager" name="test_delivery_time_in_required_time_range_with_sunday_and_at_different_day_times" file="conflowgen\tests\flow_generator\test_truck_for_export_containers_manager.py" line="184" time="2.820" /><testcase classname="conflowgen.tests.flow_generator.test_truck_for_export_containers_manager.TestTruckForExportContainersManager" name="test_delivery_time_maximum" file="conflowgen\tests\flow_generator\test_truck_for_export_containers_manager.py" line="335" time="1.106" /><testcase classname="conflowgen.tests.flow_generator.test_truck_for_export_containers_manager.TestTruckForExportContainersManager" name="test_delivery_time_minimum" file="conflowgen\tests\flow_generator\test_truck_for_export_containers_manager.py" line="304" time="0.781" /><testcase classname="conflowgen.tests.flow_generator.test_truck_for_export_containers_manager.TestTruckForExportContainersManager" name="test_distributions_match" file="conflowgen\tests\flow_generator\test_truck_for_export_containers_manager.py" line="230" time="0.816" /><testcase classname="conflowgen.tests.flow_generator.test_truck_for_export_containers_manager.TestTruckForExportContainersManager" name="test_happy_path" file="conflowgen\tests\flow_generator\test_truck_for_export_containers_manager.py" line="247" time="7.716" /><testcase classname="conflowgen.tests.flow_generator.test_truck_for_export_containers_manager.TestTruckForExportContainersManager" name="test_nothing_to_do" file="conflowgen\tests\flow_generator\test_truck_for_export_containers_manager.py" line="240" time="0.848" /><testcase classname="conflowgen.tests.flow_generator.test_truck_for_import_containers_manager.TestTruckForImportContainersManager" name="test_container_dwell_time_and_truck_arrival_distributions_match" file="conflowgen\tests\flow_generator\test_truck_for_import_containers_manager.py" line="110" time="0.936" /><testcase classname="conflowgen.tests.flow_generator.test_truck_for_import_containers_manager.TestTruckForImportContainersManager" name="test_distributions_match" file="conflowgen\tests\flow_generator\test_truck_for_import_containers_manager.py" line="249" time="0.984" /><testcase classname="conflowgen.tests.flow_generator.test_truck_for_import_containers_manager.TestTruckForImportContainersManager" name="test_happy_path" file="conflowgen\tests\flow_generator\test_truck_for_import_containers_manager.py" line="267" time="6.610" /><testcase classname="conflowgen.tests.flow_generator.test_truck_for_import_containers_manager.TestTruckForImportContainersManager" name="test_helper_drop_where_zero" file="conflowgen\tests\flow_generator\test_truck_for_import_containers_manager.py" line="324" time="0.712" /><testcase classname="conflowgen.tests.flow_generator.test_truck_for_import_containers_manager.TestTruckForImportContainersManager" name="test_nothing_to_do" file="conflowgen\tests\flow_generator\test_truck_for_import_containers_manager.py" line="260" time="0.703" /><testcase classname="conflowgen.tests.flow_generator.test_truck_for_import_containers_manager.TestTruckForImportContainersManager" name="test_pickup_time_average" file="conflowgen\tests\flow_generator\test_truck_for_import_containers_manager.py" line="400" time="0.708" /><testcase classname="conflowgen.tests.flow_generator.test_truck_for_import_containers_manager.TestTruckForImportContainersManager" name="test_pickup_time_in_required_time_range_weekday" file="conflowgen\tests\flow_generator\test_truck_for_import_containers_manager.py" line="135" time="1.896" /><testcase classname="conflowgen.tests.flow_generator.test_truck_for_import_containers_manager.TestTruckForImportContainersManager" name="test_pickup_time_in_required_time_range_with_sunday_starting_from_a_full_hour" file="conflowgen\tests\flow_generator\test_truck_for_import_containers_manager.py" line="166" time="1.941" /><testcase classname="conflowgen.tests.flow_generator.test_truck_for_import_containers_manager.TestTruckForImportContainersManager" name="test_pickup_time_in_required_time_range_with_sunday_starting_within_an_hour" file="conflowgen\tests\flow_generator\test_truck_for_import_containers_manager.py" line="217" time="1.909" /><testcase classname="conflowgen.tests.flow_generator.test_truck_for_import_containers_manager.TestTruckForImportContainersManager" name="test_pickup_time_maximum" file="conflowgen\tests\flow_generator\test_truck_for_import_containers_manager.py" line="363" time="0.783" /><testcase classname="conflowgen.tests.flow_generator.test_truck_for_import_containers_manager.TestTruckForImportContainersManager" name="test_pickup_time_minimum" file="conflowgen\tests\flow_generator\test_truck_for_import_containers_manager.py" line="334" time="0.668" /><testcase classname="conflowgen.tests.notebooks.test_run_notebooks.RunNotebooks" name="test_analyses_with_missing_data" file="conflowgen\tests\notebooks\test_run_notebooks.py" line="28" time="15.049" /><testcase classname="conflowgen.tests.notebooks.test_run_notebooks.RunNotebooks" name="test_previews_with_missing_data" file="conflowgen\tests\notebooks\test_run_notebooks.py" line="31" time="5.998" /><testcase classname="conflowgen.tests.notebooks.test_run_notebooks.RunNotebooks" name="test_small_analyses_example" file="conflowgen\tests\notebooks\test_run_notebooks.py" line="34" time="37.960" /><testcase classname="conflowgen.tests.previews.test_container_flow_by_vehicle_type_preview.TestContainerFlowByVehicleTypePreview" name="test_with_no_schedules" file="conflowgen\tests\previews\test_container_flow_by_vehicle_type_preview.py" line="81" time="0.032" /><testcase classname="conflowgen.tests.previews.test_container_flow_by_vehicle_type_preview.TestContainerFlowByVehicleTypePreview" name="test_with_single_arrival_schedules" file="conflowgen\tests\previews\test_container_flow_by_vehicle_type_preview.py" line="93" time="0.072" /><testcase classname="conflowgen.tests.previews.test_container_flow_by_vehicle_type_preview_report.TestContainerFlowByVehicleTypePreviewReport" name="test_inbound_with_single_arrival_schedules" file="conflowgen\tests\previews\test_container_flow_by_vehicle_type_preview_report.py" line="117" time="0.100" /><testcase classname="conflowgen.tests.previews.test_container_flow_by_vehicle_type_preview_report.TestContainerFlowByVehicleTypePreviewReport" name="test_report_with_no_schedules" file="conflowgen\tests\previews\test_container_flow_by_vehicle_type_preview_report.py" line="83" time="0.030" /><testcase classname="conflowgen.tests.previews.test_container_flow_by_vehicle_type_preview_report.TestContainerFlowByVehicleTypePreviewReport" name="test_report_with_no_schedules_as_graph" file="conflowgen\tests\previews\test_container_flow_by_vehicle_type_preview_report.py" line="160" time="0.040" /><testcase classname="conflowgen.tests.previews.test_container_flow_by_vehicle_type_preview_report.TestContainerFlowByVehicleTypePreviewReport" name="test_report_with_schedules_as_graph" file="conflowgen\tests\previews\test_container_flow_by_vehicle_type_preview_report.py" line="165" time="0.071" /><testcase classname="conflowgen.tests.previews.test_inbound_and_outbound_vehicle_capacity_preview.TestInboundAndOutboundVehicleCapacityPreview" name="test_inbound_with_no_schedules" file="conflowgen\tests\previews\test_inbound_and_outbound_vehicle_capacity_preview.py" line="82" time="0.020" /><testcase classname="conflowgen.tests.previews.test_inbound_and_outbound_vehicle_capacity_preview.TestInboundAndOutboundVehicleCapacityPreview" name="test_inbound_with_several_arrivals_schedules" file="conflowgen\tests\previews\test_inbound_and_outbound_vehicle_capacity_preview.py" line="118" time="0.052" /><testcase classname="conflowgen.tests.previews.test_inbound_and_outbound_vehicle_capacity_preview.TestInboundAndOutboundVehicleCapacityPreview" name="test_inbound_with_single_arrival_schedules" file="conflowgen\tests\previews\test_inbound_and_outbound_vehicle_capacity_preview.py" line="90" time="0.063" /><testcase classname="conflowgen.tests.previews.test_inbound_and_outbound_vehicle_capacity_preview.TestInboundAndOutboundVehicleCapacityPreview" name="test_outbound_average_capacity_with_several_arrivals_schedules" file="conflowgen\tests\previews\test_inbound_and_outbound_vehicle_capacity_preview.py" line="144" time="0.094" /><testcase classname="conflowgen.tests.previews.test_inbound_and_outbound_vehicle_capacity_preview.TestInboundAndOutboundVehicleCapacityPreview" name="test_outbound_maximum_capacity_with_several_arrivals_schedules" file="conflowgen\tests\previews\test_inbound_and_outbound_vehicle_capacity_preview.py" line="176" time="0.106" /><testcase classname="conflowgen.tests.previews.test_inbound_and_outbound_vehicle_capacity_preview_report.TestInboundAndOutboundVehicleCapacityPreviewReport" name="test_inbound_with_single_arrival_schedules" file="conflowgen\tests\previews\test_inbound_and_outbound_vehicle_capacity_preview_report.py" line="97" time="0.088" /><testcase classname="conflowgen.tests.previews.test_inbound_and_outbound_vehicle_capacity_preview_report.TestInboundAndOutboundVehicleCapacityPreviewReport" name="test_report_with_no_schedules" file="conflowgen\tests\previews\test_inbound_and_outbound_vehicle_capacity_preview_report.py" line="83" time="0.050" /><testcase classname="conflowgen.tests.previews.test_inbound_and_outbound_vehicle_capacity_preview_report.TestInboundAndOutboundVehicleCapacityPreviewReport" name="test_report_with_no_schedules_as_graph" file="conflowgen\tests\previews\test_inbound_and_outbound_vehicle_capacity_preview_report.py" line="120" time="0.148" /><testcase classname="conflowgen.tests.previews.test_inbound_and_outbound_vehicle_capacity_preview_report.TestInboundAndOutboundVehicleCapacityPreviewReport" name="test_report_with_schedules_as_graph" file="conflowgen\tests\previews\test_inbound_and_outbound_vehicle_capacity_preview_report.py" line="125" time="0.220" /><testcase classname="conflowgen.tests.previews.test_modal_split_preview__get_modal_split_for_hinterland.TestModalSplitPreview__get_modal_split_for_hinterland" name="test_with_no_schedules" file="conflowgen\tests\previews\test_modal_split_preview__get_modal_split_for_hinterland.py" line="79" time="0.040" /><testcase classname="conflowgen.tests.previews.test_modal_split_preview__get_modal_split_for_hinterland.TestModalSplitPreview__get_modal_split_for_hinterland" name="test_with_single_arrival_schedules" file="conflowgen\tests\previews\test_modal_split_preview__get_modal_split_for_hinterland.py" line="86" time="0.098" /><testcase classname="conflowgen.tests.previews.test_modal_split_preview__get_transshipment.TestModalSplitPreview__get_transshipment" name="test_with_no_schedules" file="conflowgen\tests\previews\test_modal_split_preview__get_transshipment.py" line="79" time="0.030" /><testcase classname="conflowgen.tests.previews.test_modal_split_preview__get_transshipment.TestModalSplitPreview__get_transshipment" name="test_with_single_arrival_schedules" file="conflowgen\tests\previews\test_modal_split_preview__get_transshipment.py" line="85" time="0.099" /><testcase classname="conflowgen.tests.previews.test_modal_split_preview_report.TestModalSplitPreviewReport" name="test_inbound_with_single_arrival_schedules" file="conflowgen\tests\previews\test_modal_split_preview_report.py" line="107" time="0.107" /><testcase classname="conflowgen.tests.previews.test_modal_split_preview_report.TestModalSplitPreviewReport" name="test_report_with_no_schedules" file="conflowgen\tests\previews\test_modal_split_preview_report.py" line="81" time="0.060" /><testcase classname="conflowgen.tests.previews.test_modal_split_preview_report.TestModalSplitPreviewReport" name="test_report_with_no_schedules_as_graph" file="conflowgen\tests\previews\test_modal_split_preview_report.py" line="142" time="0.329" /><testcase classname="conflowgen.tests.previews.test_modal_split_preview_report.TestModalSplitPreviewReport" name="test_report_with_schedules_as_graph" file="conflowgen\tests\previews\test_modal_split_preview_report.py" line="147" time="0.285" /><testcase classname="conflowgen.tests.previews.test_quay_side_throughput_preview.TestQuaySideThroughputPreview" name="test_empty" file="conflowgen\tests\previews\test_quay_side_throughput_preview.py" line="84" time="0.037" /><testcase classname="conflowgen.tests.previews.test_quay_side_throughput_preview.TestQuaySideThroughputPreview" name="test_one_feeder" file="conflowgen\tests\previews\test_quay_side_throughput_preview.py" line="97" time="0.089" /><testcase classname="conflowgen.tests.previews.test_quay_side_throughput_preview_report.TestQuaySideThroughputPreviewReport" name="test_report_with_no_schedules_as_graph" file="conflowgen\tests\previews\test_quay_side_throughput_preview_report.py" line="80" time="0.156" /><testcase classname="conflowgen.tests.previews.test_quay_side_throughput_preview_report.TestQuaySideThroughputPreviewReport" name="test_report_with_schedules_as_graph" file="conflowgen\tests\previews\test_quay_side_throughput_preview_report.py" line="85" time="0.070" /><testcase classname="conflowgen.tests.previews.test_quay_side_throughput_preview_report.TestQuaySideThroughputPreviewReport" name="test_text_report" file="conflowgen\tests\previews\test_quay_side_throughput_preview_report.py" line="100" time="0.059" /><testcase classname="conflowgen.tests.previews.test_run_all_previews.TestRunAllPreviews" name="test_with_no_data_as_graph" file="conflowgen\tests\previews\test_run_all_previews.py" line="44" time="1.097" /><testcase classname="conflowgen.tests.previews.test_run_all_previews.TestRunAllPreviews" name="test_with_no_data_as_text" file="conflowgen\tests\previews\test_run_all_previews.py" line="25" time="0.296" /><testcase classname="conflowgen.tests.previews.test_truck_gate_throughput_preview.TestTruckGateThroughputPreview" name="test_get_total_trucks" file="conflowgen\tests\previews\test_truck_gate_throughput_preview.py" line="90" time="0.091" /><testcase classname="conflowgen.tests.previews.test_truck_gate_throughput_preview.TestTruckGateThroughputPreview" name="test_get_truck_distribution" file="conflowgen\tests\previews\test_truck_gate_throughput_preview.py" line="129" time="0.092" /><testcase classname="conflowgen.tests.previews.test_truck_gate_throughput_preview.TestTruckGateThroughputPreview" name="test_get_weekly_trucks" file="conflowgen\tests\previews\test_truck_gate_throughput_preview.py" line="110" time="0.097" /><testcase classname="conflowgen.tests.previews.test_truck_gate_throughput_preview.TestTruckGateThroughputPreview" name="test_with_no_outbound_truck_traffic" file="conflowgen\tests\previews\test_truck_gate_throughput_preview.py" line="148" time="0.069" /><testcase classname="conflowgen.tests.previews.test_truck_gate_throughput_preview_report.TestTruckGateThroughputPreviewReport" name="test_report_with_schedule" file="conflowgen\tests\previews\test_truck_gate_throughput_preview_report.py" line="254" time="0.215" /><testcase classname="conflowgen.tests.previews.test_truck_gate_throughput_preview_report.TestTruckGateThroughputPreviewReport" name="test_report_without_schedule" file="conflowgen\tests\previews\test_truck_gate_throughput_preview_report.py" line="250" time="0.172" /><testcase classname="conflowgen.tests.previews.test_truck_gate_throughput_preview_report.TestTruckGateThroughputPreviewReport" name="test_text_report" file="conflowgen\tests\previews\test_truck_gate_throughput_preview_report.py" line="268" time="0.129" /><testcase classname="conflowgen.tests.previews.test_vehicle_capacity_exceeded_preview.TestVehicleCapacityExceededPreview" name="test_with_no_schedules" file="conflowgen\tests\previews\test_vehicle_capacity_exceeded_preview.py" line="81" time="0.088" /><testcase classname="conflowgen.tests.previews.test_vehicle_capacity_exceeded_preview.TestVehicleCapacityExceededPreview" name="test_with_single_arrival_schedules" file="conflowgen\tests\previews\test_vehicle_capacity_exceeded_preview.py" line="107" time="0.098" /><testcase classname="conflowgen.tests.previews.test_vehicle_capacity_exceeded_preview_report.TestVehicleCapacityExceededPreviewReport" name="test_inbound_with_single_arrival_schedules" file="conflowgen\tests\previews\test_vehicle_capacity_exceeded_preview_report.py" line="97" time="0.139" /><testcase classname="conflowgen.tests.previews.test_vehicle_capacity_exceeded_preview_report.TestVehicleCapacityExceededPreviewReport" name="test_report_with_no_schedules" file="conflowgen\tests\previews\test_vehicle_capacity_exceeded_preview_report.py" line="83" time="0.104" /><testcase classname="conflowgen.tests.previews.test_vehicle_capacity_exceeded_preview_report.TestVehicleCapacityExceededPreviewReport" name="test_report_with_no_schedules_as_graph" file="conflowgen\tests\previews\test_vehicle_capacity_exceeded_preview_report.py" line="122" time="0.150" /><testcase classname="conflowgen.tests.previews.test_vehicle_capacity_exceeded_preview_report.TestVehicleCapacityExceededPreviewReport" name="test_report_with_schedules_as_graph" file="conflowgen\tests\previews\test_vehicle_capacity_exceeded_preview_report.py" line="127" time="0.186" /><testcase classname="conflowgen.tests.tools.test_init_docstring_parameter.TestDocstringParameter" name="test_decorate" file="conflowgen\tests\tools\test_init_docstring_parameter.py" line="7" time="0.002" /><testcase classname="conflowgen.tests.tools.test_init_hashable.TestHashable" name="test_enums_are_hashable" file="conflowgen\tests\tools\test_init_hashable.py" line="12" time="0.001" /><testcase classname="conflowgen.tests.tools.test_init_hashable.TestHashable" name="test_mutable_collections_are_hashable" file="conflowgen\tests\tools\test_init_hashable.py" line="8" time="0.001" /><testcase classname="conflowgen.tests.tools.test_theoretical_distribution__clipped_log_normal.TestClippedLogNormal" name="test_lognorm_properties" file="conflowgen\tests\tools\test_theoretical_distribution__clipped_log_normal.py" line="23" time="0.002" /><testcase classname="conflowgen.tests.tools.test_theoretical_distribution__clipped_log_normal.TestClippedLogNormal" name="test_maximum_is_respected" file="conflowgen\tests\tools\test_theoretical_distribution__clipped_log_normal.py" line="18" time="0.002" /><testcase classname="conflowgen.tests.tools.test_theoretical_distribution__clipped_log_normal.TestClippedLogNormal" name="test_minimum_is_respected" file="conflowgen\tests\tools\test_theoretical_distribution__clipped_log_normal.py" line="13" time="0.002" /><testcase classname="conflowgen.tests.tools.test_theoretical_distribution__mutliply_discretized_probability_densities.TestMultiplyDiscretizedProbabilityDensities" name="test_default" file="conflowgen\tests\tools\test_theoretical_distribution__mutliply_discretized_probability_densities.py" line="9" time="0.001" /><testcase classname="conflowgen.tests.tools.test_theoretical_distribution__mutliply_discretized_probability_densities.TestMultiplyDiscretizedProbabilityDensities" name="test_with_nan" file="conflowgen\tests\tools\test_theoretical_distribution__mutliply_discretized_probability_densities.py" line="16" time="0.001" /><testcase classname="conflowgen.tests.tools.test_theoretical_distribution__mutliply_discretized_probability_densities.TestMultiplyDiscretizedProbabilityDensities" name="test_with_zeros" file="conflowgen\tests\tools\test_theoretical_distribution__mutliply_discretized_probability_densities.py" line="22" time="0.001" /><testcase classname="conflowgen.tests.tools.test_theoretical_distribution__uniform.TestUniform" name="test_maximum_is_respected" file="conflowgen\tests\tools\test_theoretical_distribution__uniform.py" line="18" time="0.001" /><testcase classname="conflowgen.tests.tools.test_theoretical_distribution__uniform.TestUniform" name="test_minimum_is_respected" file="conflowgen\tests\tools\test_theoretical_distribution__uniform.py" line="13" time="0.001" /><testcase classname="conflowgen.tests.tools.test_weekly_distribution.TestWeeklyDistribution" name="test_correct_starting_and_end_hour_when_looking_backward" file="conflowgen\tests\tools\test_weekly_distribution.py" line="163" time="0.001" /><testcase classname="conflowgen.tests.tools.test_weekly_distribution.TestWeeklyDistribution" name="test_correct_starting_and_end_hour_when_looking_forward" file="conflowgen\tests\tools\test_weekly_distribution.py" line="132" time="0.001" /><testcase classname="conflowgen.tests.tools.test_weekly_distribution.TestWeeklyDistribution" name="test_get_time_of_the_week_for_full_hour" file="conflowgen\tests\tools\test_weekly_distribution.py" line="193" time="0.001" /><testcase classname="conflowgen.tests.tools.test_weekly_distribution.TestWeeklyDistribution" name="test_get_time_of_the_week_for_started_hour" file="conflowgen\tests\tools\test_weekly_distribution.py" line="199" time="0.001" /><testcase classname="conflowgen.tests.tools.test_weekly_distribution.TestWeeklyDistribution" name="test_simple_slice" file="conflowgen\tests\tools\test_weekly_distribution.py" line="8" time="0.001" /><testcase classname="conflowgen.tests.tools.test_weekly_distribution.TestWeeklyDistribution" name="test_simple_with_long_minimum_dwell_time" file="conflowgen\tests\tools\test_weekly_distribution.py" line="29" time="0.001" /><testcase classname="conflowgen.tests.tools.test_weekly_distribution.TestWeeklyDistribution" name="test_slice_into_next_two_weeks" file="conflowgen\tests\tools\test_weekly_distribution.py" line="53" time="0.001" /><testcase classname="conflowgen.tests.tools.test_weekly_distribution.TestWeeklyDistribution" name="test_sunday_is_missing_for_delivery" file="conflowgen\tests\tools\test_weekly_distribution.py" line="90" time="0.001" /></testsuite></testsuites>